Component: ARM Compiler 5.06 update 1 (build 61) Tool: armlink [4d35a8]

==============================================================================

Section Cross References

    main.o(i.main) refers to _printf_percent.o(.ARM.Collect$$_printf_percent$$00000000) for _printf_percent
    main.o(i.main) refers to _printf_f.o(.ARM.Collect$$_printf_percent$$00000003) for _printf_f
    main.o(i.main) refers to printf1.o(x$fpl$printf1) for _printf_fp_dec
    main.o(i.main) refers to oled.o(i.OLED_Init) for OLED_Init
    main.o(i.main) refers to gpio.o(i.gpio_Init) for gpio_Init
    main.o(i.main) refers to delay.o(i.delay_init) for delay_init
    main.o(i.main) refers to usart.o(i.usart_Init) for usart_Init
    main.o(i.main) refers to adc.o(i.Adc_Init) for Adc_Init
    main.o(i.main) refers to pwm.o(i.TIM3_PWM_Init) for TIM3_PWM_Init
    main.o(i.main) refers to oled.o(i.OLED_Clear) for OLED_Clear
    main.o(i.main) refers to oled.o(i.OLED_ShowString) for OLED_ShowString
    main.o(i.main) refers to delay.o(i.delay_ms) for delay_ms
    main.o(i.main) refers to adc.o(i.Get_Adc) for Get_Adc
    main.o(i.main) refers to fflt_clz.o(x$fpl$ffltu) for __aeabi_ui2f
    main.o(i.main) refers to f2d.o(x$fpl$f2d) for __aeabi_f2d
    main.o(i.main) refers to dmul.o(x$fpl$dmul) for __aeabi_dmul
    main.o(i.main) refers to d2f.o(x$fpl$d2f) for __aeabi_d2f
    main.o(i.main) refers to noretval__2sprintf.o(.text) for __2sprintf
    system_stm32f10x.o(i.SetSysClock) refers to system_stm32f10x.o(i.SetSysClockTo72) for SetSysClockTo72
    system_stm32f10x.o(i.SystemCoreClockUpdate) refers to system_stm32f10x.o(.data) for SystemCoreClock
    system_stm32f10x.o(i.SystemInit) refers to system_stm32f10x.o(i.SetSysClock) for SetSysClock
    delay.o(i.delay_init) refers to misc.o(i.SysTick_CLKSourceConfig) for SysTick_CLKSourceConfig
    delay.o(i.delay_init) refers to system_stm32f10x.o(.data) for SystemCoreClock
    delay.o(i.delay_init) refers to delay.o(.data) for fac_us
    delay.o(i.delay_ms) refers to delay.o(.data) for fac_ms
    delay.o(i.delay_us) refers to delay.o(.data) for fac_us
    usart.o(i.USART1_IRQHandler) refers to _printf_percent.o(.ARM.Collect$$_printf_percent$$00000000) for _printf_percent
    usart.o(i.USART1_IRQHandler) refers to _printf_f.o(.ARM.Collect$$_printf_percent$$00000003) for _printf_f
    usart.o(i.USART1_IRQHandler) refers to printf1.o(x$fpl$printf1) for _printf_fp_dec
    usart.o(i.USART1_IRQHandler) refers to stm32f10x_usart.o(i.USART_GetITStatus) for USART_GetITStatus
    usart.o(i.USART1_IRQHandler) refers to stm32f10x_usart.o(i.USART_ClearITPendingBit) for USART_ClearITPendingBit
    usart.o(i.USART1_IRQHandler) refers to stm32f10x_usart.o(i.USART_ReceiveData) for USART_ReceiveData
    usart.o(i.USART1_IRQHandler) refers to fflt_clz.o(x$fpl$ffltu) for __aeabi_ui2f
    usart.o(i.USART1_IRQHandler) refers to f2d.o(x$fpl$f2d) for __aeabi_f2d
    usart.o(i.USART1_IRQHandler) refers to noretval__2sprintf.o(.text) for __2sprintf
    usart.o(i.USART1_IRQHandler) refers to oled.o(i.OLED_ShowString) for OLED_ShowString
    usart.o(i.USART1_IRQHandler) refers to pwm.o(i.moter_tLeft) for moter_tLeft
    usart.o(i.USART1_IRQHandler) refers to pwm.o(i.moter_tRight) for moter_tRight
    usart.o(i.USART1_IRQHandler) refers to pwm.o(i.moter_straight) for moter_straight
    usart.o(i.USART1_Send_Byte) refers to stm32f10x_usart.o(i.USART_GetFlagStatus) for USART_GetFlagStatus
    usart.o(i.USART1_Send_Byte) refers to stm32f10x_usart.o(i.USART_SendData) for USART_SendData
    usart.o(i.USART1_Send_String) refers to usart.o(i.USART1_Send_Byte) for USART1_Send_Byte
    usart.o(i.USART1_Send_String_By_Lens) refers to stm32f10x_usart.o(i.USART_SendData) for USART_SendData
    usart.o(i.USART1_Send_String_By_Lens) refers to stm32f10x_usart.o(i.USART_GetFlagStatus) for USART_GetFlagStatus
    usart.o(i.usart_Init) refers to stm32f10x_usart.o(i.USART_DeInit) for USART_DeInit
    usart.o(i.usart_Init) refers to stm32f10x_rcc.o(i.RCC_APB2PeriphClockCmd) for RCC_APB2PeriphClockCmd
    usart.o(i.usart_Init) refers to stm32f10x_gpio.o(i.GPIO_Init) for GPIO_Init
    usart.o(i.usart_Init) refers to stm32f10x_usart.o(i.USART_Init) for USART_Init
    usart.o(i.usart_Init) refers to stm32f10x_usart.o(i.USART_Cmd) for USART_Cmd
    usart.o(i.usart_Init) refers to misc.o(i.NVIC_PriorityGroupConfig) for NVIC_PriorityGroupConfig
    usart.o(i.usart_Init) refers to misc.o(i.NVIC_Init) for NVIC_Init
    usart.o(i.usart_Init) refers to stm32f10x_usart.o(i.USART_ITConfig) for USART_ITConfig
    startup_stm32f10x_hd.o(STACK) refers (Special) to heapauxi.o(.text) for __use_two_region_memory
    startup_stm32f10x_hd.o(HEAP) refers (Special) to heapauxi.o(.text) for __use_two_region_memory
    startup_stm32f10x_hd.o(RESET) refers (Special) to heapauxi.o(.text) for __use_two_region_memory
    startup_stm32f10x_hd.o(RESET) refers to startup_stm32f10x_hd.o(STACK) for __initial_sp
[...]
    Removing stm32f10x_tim.o(i.TIM_GetCapture1), (6 bytes).
    Removing stm32f10x_tim.o(i.TIM_GetCapture2), (6 bytes).
    Removing stm32f10x_tim.o(i.TIM_GetCapture3), (6 bytes).
    Removing stm32f10x_tim.o(i.TIM_GetCapture4), (8 bytes).
    Removing stm32f10x_tim.o(i.TIM_GetCounter), (6 bytes).
    Removing stm32f10x_tim.o(i.TIM_GetFlagStatus), (18 bytes).
    Removing stm32f10x_tim.o(i.TIM_GetITStatus), (34 bytes).
    Removing stm32f10x_tim.o(i.TIM_GetPrescaler), (6 bytes).
    Removing stm32f10x_tim.o(i.TIM_ICInit), (172 bytes).
    Removing stm32f10x_tim.o(i.TIM_ICStructInit), (18 bytes).
    Removing stm32f10x_tim.o(i.TIM_ITConfig), (18 bytes).
    Removing stm32f10x_tim.o(i.TIM_ITRxExternalClockConfig), (24 bytes).
    Removing stm32f10x_tim.o(i.TIM_InternalClockConfig), (12 bytes).
    Removing stm32f10x_tim.o(i.TIM_OC1FastConfig), (18 bytes).
    Removing stm32f10x_tim.o(i.TIM_OC1NPolarityConfig), (18 bytes).
    Removing stm32f10x_tim.o(i.TIM_OC1PolarityConfig), (18 bytes).
    Removing stm32f10x_tim.o(i.TIM_OC2FastConfig), (26 bytes).
    Removing stm32f10x_tim.o(i.TIM_OC2NPolarityConfig), (26 bytes).
    Removing stm32f10x_tim.o(i.TIM_OC2PolarityConfig), (26 bytes).
    Removing stm32f10x_tim.o(i.TIM_OC3FastConfig), (18 bytes).
    Removing stm32f10x_tim.o(i.TIM_OC3Init), (160 bytes).
    Removing stm32f10x_tim.o(i.TIM_OC3NPolarityConfig), (26 bytes).
    Removing stm32f10x_tim.o(i.TIM_OC3PolarityConfig), (26 bytes).
    Removing stm32f10x_tim.o(i.TIM_OC3PreloadConfig), (18 bytes).
    Removing stm32f10x_tim.o(i.TIM_OC4FastConfig), (26 bytes).
    Removing stm32f10x_tim.o(i.TIM_OC4Init), (124 bytes).
    Removing stm32f10x_tim.o(i.TIM_OC4PolarityConfig), (26 bytes).
    Removing stm32f10x_tim.o(i.TIM_OC4PreloadConfig), (26 bytes).
    Removing stm32f10x_tim.o(i.TIM_OCStructInit), (20 bytes).
    Removing stm32f10x_tim.o(i.TIM_PWMIConfig), (124 bytes).
    Removing stm32f10x_tim.o(i.TIM_PrescalerConfig), (6 bytes).
    Removing stm32f10x_tim.o(i.TIM_SelectCCDMA), (24 bytes).
    Removing stm32f10x_tim.o(i.TIM_SelectCOM), (24 bytes).
    Removing stm32f10x_tim.o(i.TIM_SelectHallSensor), (24 bytes).
    Removing stm32f10x_tim.o(i.TIM_SelectInputTrigger), (18 bytes).
    Removing stm32f10x_tim.o(i.TIM_SelectMasterSlaveMode), (18 bytes).
    Removing stm32f10x_tim.o(i.TIM_SelectOCxM), (82 bytes).
    Removing stm32f10x_tim.o(i.TIM_SelectOnePulseMode), (18 bytes).
    Removing stm32f10x_tim.o(i.TIM_SelectOutputTrigger), (18 bytes).
    Removing stm32f10x_tim.o(i.TIM_SelectSlaveMode), (18 bytes).
    Removing stm32f10x_tim.o(i.TIM_SetAutoreload), (4 bytes).
    Removing stm32f10x_tim.o(i.TIM_SetClockDivision), (18 bytes).
    Removing stm32f10x_tim.o(i.TIM_SetCompare3), (4 bytes).
    Removing stm32f10x_tim.o(i.TIM_SetCompare4), (6 bytes).
    Removing stm32f10x_tim.o(i.TIM_SetCounter), (4 bytes).
    Removing stm32f10x_tim.o(i.TIM_SetIC1Prescaler), (18 bytes).
    Removing stm32f10x_tim.o(i.TIM_SetIC2Prescaler), (26 bytes).
    Removing stm32f10x_tim.o(i.TIM_SetIC3Prescaler), (18 bytes).
    Removing stm32f10x_tim.o(i.TIM_SetIC4Prescaler), (26 bytes).
    Removing stm32f10x_tim.o(i.TIM_TIxExternalClockConfig), (62 bytes).
    Removing stm32f10x_tim.o(i.TIM_TimeBaseStructInit), (18 bytes).
    Removing stm32f10x_tim.o(i.TIM_UpdateDisableConfig), (24 bytes).
    Removing stm32f10x_tim.o(i.TIM_UpdateRequestConfig), (24 bytes).
    Removing stm32f10x_usart.o(i.USART_ClearFlag), (18 bytes).
    Removing stm32f10x_usart.o(i.USART_ClockInit), (34 bytes).
    Removing stm32f10x_usart.o(i.USART_ClockStructInit), (12 bytes).
    Removing stm32f10x_usart.o(i.USART_DMACmd), (18 bytes).
    Removing stm32f10x_usart.o(i.USART_GetFlagStatus), (26 bytes).
    Removing stm32f10x_usart.o(i.USART_HalfDuplexCmd), (24 bytes).
    Removing stm32f10x_usart.o(i.USART_IrDACmd), (24 bytes).
    Removing stm32f10x_usart.o(i.USART_IrDAConfig), (18 bytes).
    Removing stm32f10x_usart.o(i.USART_LINBreakDetectLengthConfig), (18 bytes).
    Removing stm32f10x_usart.o(i.USART_LINCmd), (24 bytes).
    Removing stm32f10x_usart.o(i.USART_OneBitMethodCmd), (24 bytes).
    Removing stm32f10x_usart.o(i.USART_OverSampling8Cmd), (22 bytes).
    Removing stm32f10x_usart.o(i.USART_ReceiverWakeUpCmd), (24 bytes).
    Removing stm32f10x_usart.o(i.USART_SendBreak), (10 bytes).
    Removing stm32f10x_usart.o(i.USART_SendData), (8 bytes).
    Removing stm32f10x_usart.o(i.USART_SetAddress), (18 bytes).
    Removing stm32f10x_usart.o(i.USART_SetGuardTime), (16 bytes).
    Removing stm32f10x_usart.o(i.USART_SetPrescaler), (16 bytes).
    Removing stm32f10x_usart.o(i.USART_SmartCardCmd), (24 bytes).
    Removing stm32f10x_usart.o(i.USART_SmartCardNACKCmd), (24 bytes).
    Removing stm32f10x_usart.o(i.USART_StructInit), (24 bytes).
    Removing stm32f10x_usart.o(i.USART_WakeUpConfig), (18 bytes).
    Removing stm32f10x_wwdg.o(i.WWDG_ClearFlag), (12 bytes).
    Removing stm32f10x_wwdg.o(i.WWDG_DeInit), (22 bytes).
    Removing stm32f10x_wwdg.o(i.WWDG_Enable), (16 bytes).
    Removing stm32f10x_wwdg.o(i.WWDG_EnableIT), (12 bytes).
    Removing stm32f10x_wwdg.o(i.WWDG_GetFlagStatus), (12 bytes).
    Removing stm32f10x_wwdg.o(i.WWDG_SetCounter), (16 bytes).
    Removing stm32f10x_wwdg.o(i.WWDG_SetPrescaler), (24 bytes).
    Removing stm32f10x_wwdg.o(i.WWDG_SetWindowValue), (40 bytes).
    Removing pwm.o(i.moter_stop), (28 bytes).
    Removing oled.o(i.OLED_Pow), (20 bytes).
    Removing oled.o(i.OLED_ShowBinNum), (62 bytes).
    Removing oled.o(i.OLED_ShowHexNum), (84 bytes).
    Removing oled.o(i.OLED_ShowNum), (68 bytes).
    Removing oled.o(i.OLED_ShowSignedNum), (102 bytes).
    Removing adc.o(i.Get_Adc_Average), (46 bytes).
    Removing adc.o(i.Get_Temprate), (136 bytes).

451 unused section(s) (total 17638 bytes) removed from the image.

==============================================================================

Image Symbol Table

    Local Symbols

    Symbol Name                              Value     Ov Type        Size  Object(Section)

    ../clib/angel/boardlib.s                 0x00000000   Number         0  boardinit1.o ABSOLUTE
    ../clib/angel/boardlib.s                 0x00000000   Number         0  boardinit2.o ABSOLUTE
    ../clib/angel/boardlib.s                 0x00000000   Number         0  boardinit3.o ABSOLUTE
    ../clib/angel/boardlib.s                 0x00000000   Number         0  boardshut.o ABSOLUTE
    ../clib/angel/handlers.s                 0x00000000   Number         0  __scatter_zi.o ABSOLUTE
    ../clib/angel/handlers.s                 0x00000000   Number         0  __scatter_copy.o ABSOLUTE
    ../clib/angel/kernel.s                   0x00000000   Number         0  rtexit.o ABSOLUTE
    ../clib/angel/kernel.s                   0x00000000   Number         0  __rtentry4.o ABSOLUTE
    ../clib/angel/kernel.s                   0x00000000   Number         0  __rtentry2.o ABSOLUTE
    ../clib/angel/kernel.s                   0x00000000   Number         0  __rtentry.o ABSOLUTE
    ../clib/angel/kernel.s                   0x00000000   Number         0  rtexit2.o ABSOLUTE
    ../clib/angel/rt.s                       0x00000000   Number         0  rt_locale_intlibspace.o ABSOLUTE
    ../clib/angel/rt.s                       0x00000000   Number         0  rt_locale.o ABSOLUTE
    ../clib/angel/rt.s                       0x00000000   Number         0  rt_raise.o ABSOLUTE
    ../clib/angel/scatter.s                  0x00000000   Number         0  __scatter.o ABSOLUTE
    ../clib/angel/startup.s                  0x00000000   Number         0  __main.o ABSOLUTE
    ../clib/angel/sys.s                      0x00000000   Number         0  sys_stackheap_outer.o ABSOLUTE
    ../clib/angel/sys.s                      0x00000000   Number         0  libspace.o ABSOLUTE
    ../clib/angel/sys.s                      0x00000000   Number         0  use_no_semi.o ABSOLUTE
    ../clib/angel/sys.s                      0x00000000   Number         0  indicate_semi.o ABSOLUTE
    ../clib/angel/sysapp.c                   0x00000000   Number         0  sys_command.o ABSOLUTE
    ../clib/angel/sysapp.c                   0x00000000   Number         0  sys_exit.o ABSOLUTE
    ../clib/angel/sysapp.c                   0x00000000   Number         0  sys_wrch.o ABSOLUTE
    ../clib/armsys.c                         0x00000000   Number         0  _get_argv_nomalloc.o ABSOLUTE
    ../clib/armsys.c                         0x00000000   Number         0  argv_veneer.o ABSOLUTE
    ../clib/armsys.c                         0x00000000   Number         0  no_argv.o ABSOLUTE
    ../clib/armsys.c                         0x00000000   Number         0  argv_veneer.o ABSOLUTE
    ../clib/bigflt.c                         0x00000000   Number         0  bigflt0.o ABSOLUTE
    ../clib/btod.s                           0x00000000   Number         0  btod.o ABSOLUTE
    ../clib/heapalloc.c                      0x00000000   Number         0  hrguard.o ABSOLUTE
    ../clib/heapaux.c                        0x00000000   Number         0  heapauxi.o ABSOLUTE
    ../clib/libinit.s                        0x00000000   Number         0  libshutdown.o ABSOLUTE
    ../clib/libinit.s                        0x00000000   Number         0  libinit2.o ABSOLUTE
    ../clib/libinit.s                        0x00000000   Number         0  libinit.o ABSOLUTE
    ../clib/libinit.s                        0x00000000   Number         0  libshutdown2.o ABSOLUTE
    ../clib/locale.s                         0x00000000   Number         0  lc_numeric_c.o ABSOLUTE
    ../clib/longlong.s                       0x00000000   Number         0  lludiv10.o ABSOLUTE
    ../clib/memcpset.s                       0x00000000   Number         0  strcmpv7m.o ABSOLUTE
    ../clib/misc.s                           0x00000000   Number         0  printf_stubs.o ABSOLUTE
    ../clib/printf.c                         0x00000000   Number         0  __printf_flags_wp.o ABSOLUTE
    ../clib/printf.c                         0x00000000   Number         0  __printf_ss_wp.o ABSOLUTE
    ../clib/printf.c                         0x00000000   Number         0  _sputc.o ABSOLUTE
    ../clib/printf.c                         0x00000000   Number         0  __printf_wp.o ABSOLUTE
    ../clib/printf.c                         0x00000000   Number         0  _printf_fp_infnan.o ABSOLUTE
    ../clib/printf.c                         0x00000000   Number         0  _printf_fp_dec.o ABSOLUTE
    ../clib/printf.c                         0x00000000   Number         0  __printf_nopercent.o ABSOLUTE
    ../clib/printf.c                         0x00000000   Number         0  __printf_flags_ss_wp.o ABSOLUTE
    ../clib/printf.c                         0x00000000   Number         0  _printf_char_common.o ABSOLUTE
    ../clib/printf.c                         0x00000000   Number         0  __2sprintf.o ABSOLUTE
    ../clib/printf.c                         0x00000000   Number         0  noretval__2sprintf.o ABSOLUTE
    ../clib/printf.c                         0x00000000   Number         0  __printf.o ABSOLUTE
    ../clib/printf.c                         0x00000000   Number         0  __printf_flags.o ABSOLUTE
    ../clib/printf.c                         0x00000000   Number         0  __printf_ss.o ABSOLUTE
    ../clib/printf.c                         0x00000000   Number         0  __printf_flags_ss.o ABSOLUTE
    ../clib/printf_percent.s                 0x00000000   Number         0  _printf_f.o ABSOLUTE
    ../clib/printf_percent.s                 0x00000000   Number         0  _printf_percent_end.o ABSOLUTE
    ../clib/printf_percent.s                 0x00000000   Number         0  _printf_percent.o ABSOLUTE
    ../clib/signal.c                         0x00000000   Number         0  defsig_cppl_inner.o ABSOLUTE
    ../clib/signal.c                         0x00000000   Number         0  defsig_pvfn_inner.o ABSOLUTE
    ../clib/signal.c                         0x00000000   Number         0  defsig_stak_inner.o ABSOLUTE
    ../clib/signal.c                         0x00000000   Number         0  defsig_rtred_inner.o ABSOLUTE
    ../clib/signal.c                         0x00000000   Number         0  defsig_fpe_inner.o ABSOLUTE
    ../clib/signal.c                         0x00000000   Number         0  defsig_rtmem_inner.o ABSOLUTE
    ../clib/signal.c                         0x00000000   Number         0  defsig_abrt_inner.o ABSOLUTE
    ../clib/signal.c                         0x00000000   Number         0  defsig_general.o ABSOLUTE
    ../clib/signal.c                         0x00000000   Number         0  __raise.o ABSOLUTE
    ../clib/signal.c                         0x00000000   Number         0  defsig_exit.o ABSOLUTE
    ../clib/signal.c                         0x00000000   Number         0  defsig_rtmem_formal.o ABSOLUTE
    ../clib/signal.c                         0x00000000   Number         0  defsig_rtmem_outer.o ABSOLUTE
    ../clib/signal.c                         0x00000000   Number         0  defsig_other.o ABSOLUTE
    ../clib/signal.c                         0x00000000   Number         0  defsig_segv_inner.o ABSOLUTE
    ../clib/signal.s                         0x00000000   Number         0  defsig.o ABSOLUTE
    ../clib/stdlib.c                         0x00000000   Number         0  exit.o ABSOLUTE
    ../fplib/d2f.s                           0x00000000   Number         0  d2f.o ABSOLUTE
    ../fplib/daddsub.s                       0x00000000   Number         0  daddsub_clz.o ABSOLUTE
    ../fplib/ddiv.s                          0x00000000   Number         0  ddiv.o ABSOLUTE
    ../fplib/dfix.s                          0x00000000   Number         0  dfix.o ABSOLUTE
    ../fplib/dmul.s                          0x00000000   Number         0  dmul.o ABSOLUTE
    ../fplib/dnaninf.s                       0x00000000   Number         0  dnaninf.o ABSOLUTE
    ../fplib/dretinf.s                       0x00000000   Number         0  dretinf.o ABSOLUTE
    ../fplib/f2d.s                           0x00000000   Number         0  f2d.o ABSOLUTE
    ../fplib/fflt.s                          0x00000000   Number         0  fflt_clz.o ABSOLUTE
    ../fplib/fnaninf.s                       0x00000000   Number         0  fnaninf.o ABSOLUTE
    ../fplib/fpinit.s                        0x00000000   Number         0  fpinit.o ABSOLUTE
    ../fplib/fretinf.s                       0x00000000   Number         0  fretinf.o ABSOLUTE
    ../fplib/istatus.s                       0x00000000   Number         0  istatus.o ABSOLUTE
    ../fplib/printf1.s                       0x00000000   Number         0  printf1.o ABSOLUTE
    ../fplib/usenofp.s                       0x00000000   Number         0  usenofp.o ABSOLUTE
    ../mathlib/fpclassify.c                  0x00000000   Number         0  fpclassify.o ABSOLUTE
    ..\CORE\core_cm3.c                       0x00000000   Number         0  core_cm3.o ABSOLUTE
    ..\CORE\startup_stm32f10x_hd.s           0x00000000   Number         0  startup_stm32f10x_hd.o ABSOLUTE
    ..\STM32F10x_FWLib\src\misc.c            0x00000000   Number         0  misc.o ABSOLUTE
    ..\STM32F10x_FWLib\src\stm32f10x_adc.c   0x00000000   Number         0  stm32f10x_adc.o ABSOLUTE
    ..\STM32F10x_FWLib\src\stm32f10x_bkp.c   0x00000000   Number         0  stm32f10x_bkp.o ABSOLUTE
    ..\STM32F10x_FWLib\src\stm32f10x_can.c   0x00000000   Number         0  stm32f10x_can.o ABSOLUTE
    ..\STM32F10x_FWLib\src\stm32f10x_cec.c   0x00000000   Number         0  stm32f10x_cec.o ABSOLUTE
    ..\STM32F10x_FWLib\src\stm32f10x_crc.c   0x00000000   Number         0  stm32f10x_crc.o ABSOLUTE
    ..\STM32F10x_FWLib\src\stm32f10x_dac.c   0x00000000   Number         0  stm32f10x_dac.o ABSOLUTE
    ..\STM32F10x_FWLib\src\stm32f10x_dbgmcu.c 0x00000000   Number         0  stm32f10x_dbgmcu.o ABSOLUTE
    ..\STM32F10x_FWLib\src\stm32f10x_dma.c   0x00000000   Number         0  stm32f10x_dma.o ABSOLUTE
    ..\STM32F10x_FWLib\src\stm32f10x_exti.c  0x00000000   Number         0  stm32f10x_exti.o ABSOLUTE
    ..\STM32F10x_FWLib\src\stm32f10x_flash.c 0x00000000   Number         0  stm32f10x_flash.o ABSOLUTE
    ..\STM32F10x_FWLib\src\stm32f10x_fsmc.c  0x00000000   Number         0  stm32f10x_fsmc.o ABSOLUTE
    ..\STM32F10x_FWLib\src\stm32f10x_gpio.c  0x00000000   Number         0  stm32f10x_gpio.o ABSOLUTE
    ..\STM32F10x_FWLib\src\stm32f10x_i2c.c   0x00000000   Number         0  stm32f10x_i2c.o ABSOLUTE
    ..\STM32F10x_FWLib\src\stm32f10x_iwdg.c  0x00000000   Number         0  stm32f10x_iwdg.o ABSOLUTE
    ..\STM32F10x_FWLib\src\stm32f10x_pwr.c   0x00000000   Number         0  stm32f10x_pwr.o ABSOLUTE
    ..\STM32F10x_FWLib\src\stm32f10x_rcc.c   0x00000000   Number         0  stm32f10x_rcc.o ABSOLUTE
    ..\STM32F10x_FWLib\src\stm32f10x_rtc.c   0x00000000   Number         0  stm32f10x_rtc.o ABSOLUTE
    ..\STM32F10x_FWLib\src\stm32f10x_sdio.c  0x00000000   Number         0  stm32f10x_sdio.o ABSOLUTE
    ..\STM32F10x_FWLib\src\stm32f10x_spi.c   0x00000000   Number         0  stm32f10x_spi.o ABSOLUTE
    ..\STM32F10x_FWLib\src\stm32f10x_tim.c   0x00000000   Number         0  stm32f10x_tim.o ABSOLUTE
    ..\STM32F10x_FWLib\src\stm32f10x_usart.c 0x00000000   Number         0  stm32f10x_usart.o ABSOLUTE
    ..\STM32F10x_FWLib\src\stm32f10x_wwdg.c  0x00000000   Number         0  stm32f10x_wwdg.o ABSOLUTE
    ..\SYSTEM\code\GPIO.c                    0x00000000   Number         0  gpio.o ABSOLUTE
    ..\SYSTEM\code\OLED.c                    0x00000000   Number         0  oled.o ABSOLUTE
    ..\SYSTEM\code\adc.c                     0x00000000   Number         0  adc.o ABSOLUTE
    ..\SYSTEM\code\exti.c                    0x00000000   Number         0  exti.o ABSOLUTE
    ..\SYSTEM\code\pwm.c                     0x00000000   Number         0  pwm.o ABSOLUTE
    ..\SYSTEM\delay\delay.c                  0x00000000   Number         0  delay.o ABSOLUTE
    ..\SYSTEM\sys\sys.c                      0x00000000   Number         0  sys.o ABSOLUTE
    ..\SYSTEM\usart\usart.c                  0x00000000   Number         0  usart.o ABSOLUTE
    ..\\CORE\\core_cm3.c                     0x00000000   Number         0  core_cm3.o ABSOLUTE
    ..\\SYSTEM\\sys\\sys.c                   0x00000000   Number         0  sys.o ABSOLUTE
    dc.s                                     0x00000000   Number         0  dc.o ABSOLUTE
    main.c                                   0x00000000   Number         0  main.o ABSOLUTE
    stm32f10x_it.c                           0x00000000   Number         0  stm32f10x_it.o ABSOLUTE
    system_stm32f10x.c                       0x00000000   Number         0  system_stm32f10x.o ABSOLUTE
    RESET                                    0x08000000   Section      304  startup_stm32f10x_hd.o(RESET)
    !!!main                                  0x08000130   Section        8  __main.o(!!!main)
    !!!scatter                               0x08000138   Section       52  __scatter.o(!!!scatter)
    !!handler_copy                           0x0800016c   Section       26  __scatter_copy.o(!!handler_copy)
    !!handler_zi                             0x08000188   Section       28  __scatter_zi.o(!!handler_zi)
    .ARM.Collect$$_printf_percent$$00000000  0x080001a4   Section        0  _printf_percent.o(.ARM.Collect$$_printf_percent$$00000000)
    .ARM.Collect$$_printf_percent$$00000003  0x080001a4   Section        6  _printf_f.o(.ARM.Collect$$_printf_percent$$00000003)
    .ARM.Collect$$_printf_percent$$00000017  0x080001aa   Section        4  _printf_percent_end.o(.ARM.Collect$$_printf_percent$$00000017)
    .ARM.Collect$$libinit$$00000000          0x080001ae   Section        2  libinit.o(.ARM.Collect$$libinit$$00000000)
    .ARM.Collect$$libinit$$00000002          0x080001b0   Section        0  libinit2.o(.ARM.Collect$$libinit$$00000002)
    .ARM.Collect$$libinit$$00000004          0x080001b0   Section        0  libinit2.o(.ARM.Collect$$libinit$$00000004)
    .ARM.Collect$$libinit$$0000000A          0x080001b0   Section        0  libinit2.o(.ARM.Collect$$libinit$$0000000A)
    .ARM.Collect$$libinit$$0000000C          0x080001b0   Section        0  libinit2.o(.ARM.Collect$$libinit$$0000000C)
    .ARM.Collect$$libinit$$0000000E          0x080001b0   Section        0  libinit2.o(.ARM.Collect$$libinit$$0000000E)
    .ARM.Collect$$libinit$$0000000F          0x080001b0   Section        6  libinit2.o(.ARM.Collect$$libinit$$0000000F)
    .ARM.Collect$$libinit$$00000011          0x080001b6   Section        0  libinit2.o(.ARM.Collect$$libinit$$00000011)
    .ARM.Collect$$libinit$$00000013          0x080001b6   Section        0  libinit2.o(.ARM.Collect$$libinit$$00000013)
    .ARM.Collect$$libinit$$00000015          0x080001b6   Section        0  libinit2.o(.ARM.Collect$$libinit$$00000015)
    .ARM.Collect$$libinit$$00000016          0x080001b6   Section       10  libinit2.o(.ARM.Collect$$libinit$$00000016)
    .ARM.Collect$$libinit$$00000017          0x080001c0   Section        0  libinit2.o(.ARM.Collect$$libinit$$00000017)
    .ARM.Collect$$libinit$$00000019          0x080001c0   Section        0  libinit2.o(.ARM.Collect$$libinit$$00000019)
    .ARM.Collect$$libinit$$0000001B          0x080001c0   Section        0  libinit2.o(.ARM.Collect$$libinit$$0000001B)
    .ARM.Collect$$libinit$$0000001D          0x080001c0   Section        0  libinit2.o(.ARM.Collect$$libinit$$0000001D)
    .ARM.Collect$$libinit$$0000001F          0x080001c0   Section        0  libinit2.o(.ARM.Collect$$libinit$$0000001F)
    .ARM.Collect$$libinit$$00000021          0x080001c0   Section        0  libinit2.o(.ARM.Collect$$libinit$$00000021)
    .ARM.Collect$$libinit$$00000023          0x080001c0   Section        0  libinit2.o(.ARM.Collect$$libinit$$00000023)
    .ARM.Collect$$libinit$$00000025          0x080001c0   Section        0  libinit2.o(.ARM.Collect$$libinit$$00000025)
    .ARM.Collect$$libinit$$0000002C          0x080001c0   Section        0  libinit2.o(.ARM.Collect$$libinit$$0000002C)
    .ARM.Collect$$libinit$$0000002E          0x080001c0   Section        0  libinit2.o(.ARM.Collect$$libinit$$0000002E)
    .ARM.Collect$$libinit$$00000030          0x080001c0   Section        0  libinit2.o(.ARM.Collect$$libinit$$00000030)
    .ARM.Collect$$libinit$$00000032          0x080001c0   Section        0  libinit2.o(.ARM.Collect$$libinit$$00000032)
    .ARM.Collect$$libinit$$00000033          0x080001c0   Section        2  libinit2.o(.ARM.Collect$$libinit$$00000033)
    .ARM.Collect$$libshutdown$$00000000      0x080001c2   Section        2  libshutdown.o(.ARM.Collect$$libshutdown$$00000000)
    .ARM.Collect$$libshutdown$$00000002      0x080001c4   Section        0  libshutdown2.o(.ARM.Collect$$libshutdown$$00000002)
    .ARM.Collect$$libshutdown$$00000004      0x080001c4   Section        0  libshutdown2.o(.ARM.Collect$$libshutdown$$00000004)
    .ARM.Collect$$libshutdown$$00000007      0x080001c4   Section        0  libshutdown2.o(.ARM.Collect$$libshutdown$$00000007)
    .ARM.Collect$$libshutdown$$0000000A      0x080001c4   Section        0  libshutdown2.o(.ARM.Collect$$libshutdown$$0000000A)
    .ARM.Collect$$libshutdown$$0000000C      0x080001c4   Section        0  libshutdown2.o(.ARM.Collect$$libshutdown$$0000000C)
    .ARM.Collect$$libshutdown$$0000000F      0x080001c4   Section        0  libshutdown2.o(.ARM.Collect$$libshutdown$$0000000F)
    .ARM.Collect$$libshutdown$$00000010      0x080001c4   Section        2  libshutdown2.o(.ARM.Collect$$libshutdown$$00000010)
    .ARM.Collect$$rtentry$$00000000          0x080001c6   Section        0  __rtentry.o(.ARM.Collect$$rtentry$$00000000)
    .ARM.Collect$$rtentry$$00000002          0x080001c6   Section        0  __rtentry2.o(.ARM.Collect$$rtentry$$00000002)
    .ARM.Collect$$rtentry$$00000004          0x080001c6   Section        6  __rtentry4.o(.ARM.Collect$$rtentry$$00000004)
    .ARM.Collect$$rtentry$$00000009          0x080001cc   Section        0  __rtentry2.o(.ARM.Collect$$rtentry$$00000009)
    .ARM.Collect$$rtentry$$0000000A          0x080001cc   Section        4  __rtentry2.o(.ARM.Collect$$rtentry$$0000000A)
    .ARM.Collect$$rtentry$$0000000C          0x080001d0   Section        0  __rtentry2.o(.ARM.Collect$$rtentry$$0000000C)
    .ARM.Collect$$rtentry$$0000000D          0x080001d0   Section        8  __rtentry2.o(.ARM.Collect$$rtentry$$0000000D)
    .ARM.Collect$$rtexit$$00000000           0x080001d8   Section        2  rtexit.o(.ARM.Collect$$rtexit$$00000000)
    .ARM.Collect$$rtexit$$00000002           0x080001da   Section        0  rtexit2.o(.ARM.Collect$$rtexit$$00000002)
    .ARM.Collect$$rtexit$$00000003           0x080001da   Section        4  rtexit2.o(.ARM.Collect$$rtexit$$00000003)
    .ARM.Collect$$rtexit$$00000004           0x080001de   Section        6  rtexit2.o(.ARM.Collect$$rtexit$$00000004)
    .text                                    0x080001e4   Section       64  startup_stm32f10x_hd.o(.text)
    .text                                    0x08000224   Section        0  noretval__2sprintf.o(.text)
    .text                                    0x0800024c   Section        0  __printf_wp.o(.text)
    .text                                    0x0800035a   Section        0  heapauxi.o(.text)
    .text                                    0x08000360   Section        0  _printf_fp_dec.o(.text)
    _fp_digits                               0x08000363   Thumb Code   428  _printf_fp_dec.o(.text)
    .text                                    0x0800077c   Section        0  _printf_char_common.o(.text)
    _printf_input_char                       0x0800077d   Thumb Code    10  _printf_char_common.o(.text)
    .text                                    0x080007ac   Section        0  _sputc.o(.text)
    .text                                    0x080007b8   Section        8  rt_locale_intlibspace.o(.text)
    .text                                    0x080007c0   Section      138  lludiv10.o(.text)
    .text                                    0x0800084c   Section        0  _printf_fp_infnan.o(.text)
    .text                                    0x080008cc   Section        0  bigflt0.o(.text)
    .text                                    0x080009a8   Section        8  libspace.o(.text)
    .text                                    0x080009b0   Section       74  sys_stackheap_outer.o(.text)
    .text                                    0x080009fa   Section        0  exit.o(.text)
    .text                                    0x08000a0c   Section      128  strcmpv7m.o(.text)
    .text                                    0x08000a8c   Section        0  sys_exit.o(.text)
    .text                                    0x08000a98   Section        2  use_no_semi.o(.text)
    .text                                    0x08000a9a   Section        0  indicate_semi.o(.text)
    CL$$btod_d2e                             0x08000a9a   Section       62  btod.o(CL$$btod_d2e)
    CL$$btod_d2e_denorm_low                  0x08000ad8   Section       70  btod.o(CL$$btod_d2e_denorm_low)
    CL$$btod_d2e_norm_op1                    0x08000b1e   Section       96  btod.o(CL$$btod_d2e_norm_op1)
    CL$$btod_div_common                      0x08000b7e   Section      824  btod.o(CL$$btod_div_common)
    CL$$btod_e2e                             0x08000eb6   Section      198  btod.o(CL$$btod_e2e)
    CL$$btod_ediv                            0x08000f7c   Section       40  btod.o(CL$$btod_ediv)
    CL$$btod_emul                            0x08000fa4   Section       40  btod.o(CL$$btod_emul)
    CL$$btod_mult_common                     0x08000fcc   Section      580  btod.o(CL$$btod_mult_common)
    i.ADC_Cmd                                0x08001210   Section        0  stm32f10x_adc.o(i.ADC_Cmd)
    i.ADC_DeInit                             0x08001228   Section        0  stm32f10x_adc.o(i.ADC_DeInit)
    i.ADC_GetCalibrationStatus               0x08001284   Section        0  stm32f10x_adc.o(i.ADC_GetCalibrationStatus)
    i.ADC_GetConversionValue                 0x08001298   Section        0  stm32f10x_adc.o(i.ADC_GetConversionValue)
    i.ADC_GetFlagStatus                      0x080012a0   Section        0  stm32f10x_adc.o(i.ADC_GetFlagStatus)
    i.ADC_GetResetCalibrationStatus          0x080012b2   Section        0  stm32f10x_adc.o(i.ADC_GetResetCalibrationStatus)
    i.ADC_Init                               0x080012c8   Section        0  stm32f10x_adc.o(i.ADC_Init)
    i.ADC_RegularChannelConfig               0x08001318   Section        0  stm32f10x_adc.o(i.ADC_RegularChannelConfig)
    i.ADC_ResetCalibration                   0x080013d0   Section        0  stm32f10x_adc.o(i.ADC_ResetCalibration)
    i.ADC_SoftwareStartConvCmd               0x080013da   Section        0  stm32f10x_adc.o(i.ADC_SoftwareStartConvCmd)
    i.ADC_StartCalibration                   0x080013f0   Section        0  stm32f10x_adc.o(i.ADC_StartCalibration)
    i.Adc_Init                               0x080013fc   Section        0  adc.o(i.Adc_Init)
    i.BusFault_Handler                       0x08001488   Section        0  stm32f10x_it.o(i.BusFault_Handler)
    i.DebugMon_Handler                       0x0800148c   Section        0  stm32f10x_it.o(i.DebugMon_Handler)
    i.GPIO_Init                              0x0800148e   Section        0  stm32f10x_gpio.o(i.GPIO_Init)
    i.GPIO_ResetBits                         0x080015a4   Section        0  stm32f10x_gpio.o(i.GPIO_ResetBits)
    i.GPIO_SetBits                           0x080015a8   Section        0  stm32f10x_gpio.o(i.GPIO_SetBits)
    i.GPIO_WriteBit                          0x080015ac   Section        0  stm32f10x_gpio.o(i.GPIO_WriteBit)
    i.Get_Adc                                0x080015b8   Section        0  adc.o(i.Get_Adc)
    i.HardFault_Handler                      0x080015ec   Section        0  stm32f10x_it.o(i.HardFault_Handler)
    i.MemManage_Handler                      0x080015f0   Section        0  stm32f10x_it.o(i.MemManage_Handler)
    i.NMI_Handler                            0x080015f4   Section        0  stm32f10x_it.o(i.NMI_Handler)
    i.NVIC_Init                              0x080015f8   Section        0  misc.o(i.NVIC_Init)
    i.NVIC_PriorityGroupConfig               0x08001668   Section        0  misc.o(i.NVIC_PriorityGroupConfig)
    i.OLED_Clear                             0x0800167c   Section        0  oled.o(i.OLED_Clear)
    i.OLED_I2C_Init                          0x080016a8   Section        0  oled.o(i.OLED_I2C_Init)
    i.OLED_I2C_SendByte                      0x080016f8   Section        0  oled.o(i.OLED_I2C_SendByte)
    i.OLED_I2C_Start                         0x0800174c   Section        0  oled.o(i.OLED_I2C_Start)
    i.OLED_I2C_Stop                          0x08001780   Section        0  oled.o(i.OLED_I2C_Stop)
    i.OLED_Init                              0x080017a8   Section        0  oled.o(i.OLED_Init)
    i.OLED_SetCursor                         0x08001856   Section        0  oled.o(i.OLED_SetCursor)
    i.OLED_ShowChar                          0x08001878   Section        0  oled.o(i.OLED_ShowChar)
    i.OLED_ShowString                        0x080018ec   Section        0  oled.o(i.OLED_ShowString)
    i.OLED_WriteCommand                      0x08001914   Section        0  oled.o(i.OLED_WriteCommand)
    i.OLED_WriteData                         0x08001934   Section        0  oled.o(i.OLED_WriteData)
    i.PendSV_Handler                         0x08001954   Section        0  stm32f10x_it.o(i.PendSV_Handler)
    i.RCC_ADCCLKConfig                       0x08001958   Section        0  stm32f10x_rcc.o(i.RCC_ADCCLKConfig)
    i.RCC_APB1PeriphClockCmd                 0x08001970   Section        0  stm32f10x_rcc.o(i.RCC_APB1PeriphClockCmd)
    i.RCC_APB1PeriphResetCmd                 0x08001990   Section        0  stm32f10x_rcc.o(i.RCC_APB1PeriphResetCmd)
    i.RCC_APB2PeriphClockCmd                 0x080019b0   Section        0  stm32f10x_rcc.o(i.RCC_APB2PeriphClockCmd)
    i.RCC_APB2PeriphResetCmd                 0x080019d0   Section        0  stm32f10x_rcc.o(i.RCC_APB2PeriphResetCmd)
    i.RCC_GetClocksFreq                      0x080019f0   Section        0  stm32f10x_rcc.o(i.RCC_GetClocksFreq)
    i.SVC_Handler                            0x08001ac4   Section        0  stm32f10x_it.o(i.SVC_Handler)
    i.SetSysClock                            0x08001ac6   Section        0  system_stm32f10x.o(i.SetSysClock)
    SetSysClock                              0x08001ac7   Thumb Code     8  system_stm32f10x.o(i.SetSysClock)
    i.SetSysClockTo72                        0x08001ad0   Section        0  system_stm32f10x.o(i.SetSysClockTo72)
    SetSysClockTo72                          0x08001ad1   Thumb Code   214  system_stm32f10x.o(i.SetSysClockTo72)
    i.SysTick_CLKSourceConfig                0x08001bb0   Section        0  misc.o(i.SysTick_CLKSourceConfig)
    i.SysTick_Handler                        0x08001bd8   Section        0  stm32f10x_it.o(i.SysTick_Handler)
    i.SystemInit                             0x08001bdc   Section        0  system_stm32f10x.o(i.SystemInit)
    i.TIM3_PWM_Init                          0x08001c3c   Section        0  pwm.o(i.TIM3_PWM_Init)
    i.TIM_ARRPreloadConfig                   0x08001d10   Section        0  stm32f10x_tim.o(i.TIM_ARRPreloadConfig)
    i.TIM_Cmd                                0x08001d28   Section        0  stm32f10x_tim.o(i.TIM_Cmd)
    i.TIM_OC1Init                            0x08001d40   Section        0  stm32f10x_tim.o(i.TIM_OC1Init)
    i.TIM_OC1PreloadConfig                   0x08001dd8   Section        0  stm32f10x_tim.o(i.TIM_OC1PreloadConfig)
    i.TIM_OC2Init                            0x08001dec   Section        0  stm32f10x_tim.o(i.TIM_OC2Init)
    i.TIM_OC2PreloadConfig                   0x08001e90   Section        0  stm32f10x_tim.o(i.TIM_OC2PreloadConfig)
    i.TIM_SetCompare1                        0x08001eaa   Section        0  stm32f10x_tim.o(i.TIM_SetCompare1)
    i.TIM_SetCompare2                        0x08001eae   Section        0  stm32f10x_tim.o(i.TIM_SetCompare2)
    i.TIM_TimeBaseInit                       0x08001eb4   Section        0  stm32f10x_tim.o(i.TIM_TimeBaseInit)
    i.USART1_IRQHandler                      0x08001f58   Section        0  usart.o(i.USART1_IRQHandler)
    i.USART_ClearITPendingBit                0x08001fd4   Section        0  stm32f10x_usart.o(i.USART_ClearITPendingBit)
    i.USART_Cmd                              0x08001ff2   Section        0  stm32f10x_usart.o(i.USART_Cmd)
    i.USART_DeInit                           0x0800200c   Section        0  stm32f10x_usart.o(i.USART_DeInit)
    i.USART_GetITStatus                      0x080020a8   Section        0  stm32f10x_usart.o(i.USART_GetITStatus)
    i.USART_ITConfig                         0x080020fc   Section        0  stm32f10x_usart.o(i.USART_ITConfig)
    i.USART_Init                             0x08002148   Section        0  stm32f10x_usart.o(i.USART_Init)
    i.USART_ReceiveData                      0x08002220   Section        0  stm32f10x_usart.o(i.USART_ReceiveData)
    i.UsageFault_Handler                     0x0800222a   Section        0  stm32f10x_it.o(i.UsageFault_Handler)
    i.__ARM_fpclassify                       0x0800222e   Section        0  fpclassify.o(i.__ARM_fpclassify)
    i._is_digit                              0x08002256   Section        0  __printf_wp.o(i._is_digit)
    i.delay_init                             0x08002264   Section        0  delay.o(i.delay_init)
    i.delay_ms                               0x080022a8   Section        0  delay.o(i.delay_ms)
    i.gpio_Init                              0x080022f4   Section        0  gpio.o(i.gpio_Init)
    i.led13                                  0x08002320   Section        0  gpio.o(i.led13)
    i.main                                   0x0800234c   Section        0  main.o(i.main)
    i.moter_straight                         0x080023e8   Section        0  pwm.o(i.moter_straight)
    i.moter_tLeft                            0x08002404   Section        0  pwm.o(i.moter_tLeft)
    i.moter_tRight                           0x08002420   Section        0  pwm.o(i.moter_tRight)
    i.usart_Init                             0x0800243c   Section        0  usart.o(i.usart_Init)
    locale$$code                             0x080024ec   Section       44  lc_numeric_c.o(locale$$code)
    x$fpl$d2f                                0x08002518   Section       98  d2f.o(x$fpl$d2f)
    x$fpl$dmul                               0x0800257c   Section      340  dmul.o(x$fpl$dmul)
    x$fpl$dnaninf                            0x080026d0   Section      156  dnaninf.o(x$fpl$dnaninf)
    x$fpl$dretinf                            0x0800276c   Section       12  dretinf.o(x$fpl$dretinf)
    x$fpl$f2d                                0x08002778   Section       86  f2d.o(x$fpl$f2d)
    x$fpl$ffltu                              0x080027d0   Section       38  fflt_clz.o(x$fpl$ffltu)
    x$fpl$fnaninf                            0x080027f6   Section      140  fnaninf.o(x$fpl$fnaninf)
    x$fpl$fretinf                            0x08002882   Section       10  fretinf.o(x$fpl$fretinf)
    x$fpl$printf1                            0x0800288c   Section        4  printf1.o(x$fpl$printf1)
    .constdata                               0x08002890   Section     1520  oled.o(.constdata)
    x$fpl$usenofp                            0x08002890   Section        0  usenofp.o(x$fpl$usenofp)
    .constdata                               0x08002e80   Section      148  bigflt0.o(.constdata)
    tenpwrs_x                                0x08002e80   Data          60  bigflt0.o(.constdata)
    tenpwrs_i                                0x08002ebc   Data          64  bigflt0.o(.constdata)
    locale$$data                             0x08002f34   Section       28  lc_numeric_c.o(locale$$data)
    __lcnum_c_name                           0x08002f38   Data           2  lc_numeric_c.o(locale$$data)
    __lcnum_c_start                          0x08002f40   Data           0  lc_numeric_c.o(locale$$data)
    __lcnum_c_point                          0x08002f4c   Data           0  lc_numeric_c.o(locale$$data)
    __lcnum_c_thousands                      0x08002f4e   Data           0  lc_numeric_c.o(locale$$data)
    __lcnum_c_grouping                       0x08002f4f   Data           0  lc_numeric_c.o(locale$$data)
    __lcnum_c_end                            0x08002f50   Data           0  lc_numeric_c.o(locale$$data)
    .data                                    0x20000000   Section       20  system_stm32f10x.o(.data)
    .data                                    0x20000014   Section        4  delay.o(.data)
    fac_us                                   0x20000014   Data           1  delay.o(.data)
    fac_ms                                   0x20000016   Data           2  delay.o(.data)
    .data                                    0x20000018   Section       20  stm32f10x_rcc.o(.data)
    APBAHBPrescTable                         0x20000018   Data          16  stm32f10x_rcc.o(.data)
    ADCPrescTable                            0x20000028   Data           4  stm32f10x_rcc.o(.data)
    .bss                                     0x2000002c   Section       96  libspace.o(.bss)
    HEAP                                     0x20000090   Section      512  startup_stm32f10x_hd.o(HEAP)
    Heap_Mem                                 0x20000090   Data         512  startup_stm32f10x_hd.o(HEAP)
    STACK                                    0x20000290   Section     1024  startup_stm32f10x_hd.o(STACK)
    Stack_Mem                                0x20000290   Data        1024  startup_stm32f10x_hd.o(STACK)
    __initial_sp                             0x20000690   Data           0  startup_stm32f10x_hd.o(STACK)

    Global Symbols

    Symbol Name                              Value     Ov Type        Size  Object(Section)

    BuildAttributes$$THM_ISAv4$P$D$K$B$S$PE$A:L22UL41UL21$X:L11$S22US41US21$IEEE1$IW$USESV6$~STKCKD$USESV7$~SHL$OTIME$ROPI$IEEEJ$EBA8$UX$STANDARDLIB$REQ8$PRES8$EABIv2 0x00000000   Number         0  anon$$obj.o ABSOLUTE
    __ARM_use_no_argv                        0x00000000   Number         0  main.o ABSOLUTE
    _printf_flags                            0x00000000   Number         0  printf_stubs.o ABSOLUTE
    _printf_return_value                     0x00000000   Number         0  printf_stubs.o ABSOLUTE
    _printf_sizespec                         0x00000000   Number         0  printf_stubs.o ABSOLUTE
    _printf_widthprec                        0x00000000   Number         0  printf_stubs.o ABSOLUTE
    __ARM_exceptions_init                     - Undefined Weak Reference
    __alloca_initialize                       - Undefined Weak Reference
    __arm_preinit_                            - Undefined Weak Reference
    __cpp_initialize__aeabi_                  - Undefined Weak Reference
    __cxa_finalize                            - Undefined Weak Reference
    __sigvec_lookup                           - Undefined Weak Reference
    _atexit_init                              - Undefined Weak Reference
    _call_atexit_fns                          - Undefined Weak Reference
    _clock_init                               - Undefined Weak Reference
    _fp_trap_init                             - Undefined Weak Reference
    _fp_trap_shutdown                         - Undefined Weak Reference
    _get_lc_collate                           - Undefined Weak Reference
    _get_lc_ctype                             - Undefined Weak Reference
    _get_lc_monetary                          - Undefined Weak Reference
    _get_lc_time                              - Undefined Weak Reference
    _getenv_init                              - Undefined Weak Reference
    _handle_redirection                       - Undefined Weak Reference
    _init_alloc                               - Undefined Weak Reference
    _init_user_alloc                          - Undefined Weak Reference
    _initio                                   - Undefined Weak Reference
    _printf_post_padding                      - Undefined Weak Reference
    _printf_pre_padding                       - Undefined Weak Reference
    _rand_init                                - Undefined Weak Reference
    _signal_finish                            - Undefined Weak Reference
    _signal_init                              - Undefined Weak Reference
    _terminate_alloc                          - Undefined Weak Reference
    _terminate_user_alloc                     - Undefined Weak Reference
    _terminateio                              - Undefined Weak Reference
    __Vectors_Size                           0x00000130   Number         0  startup_stm32f10x_hd.o ABSOLUTE
    __Vectors                                0x08000000   Data           4  startup_stm32f10x_hd.o(RESET)
    __Vectors_End                            0x08000130   Data           0  startup_stm32f10x_hd.o(RESET)
    __main                                   0x08000131   Thumb Code     8  __main.o(!!!main)
    __scatterload                            0x08000139   Thumb Code     0  __scatter.o(!!!scatter)
    __scatterload_rt2                        0x08000139   Thumb Code    44  __scatter.o(!!!scatter)
    __scatterload_rt2_thumb_only             0x08000139   Thumb Code     0  __scatter.o(!!!scatter)
    __scatterload_null                       0x08000147   Thumb Code     0  __scatter.o(!!!scatter)
    __scatterload_copy                       0x0800016d   Thumb Code    26  __scatter_copy.o(!!handler_copy)
    __scatterload_zeroinit                   0x08000189   Thumb Code    28  __scatter_zi.o(!!handler_zi)
    _printf_f                                0x080001a5   Thumb Code     0  _printf_f.o(.ARM.Collect$$_printf_percent$$00000003)
    _printf_percent                          0x080001a5   Thumb Code     0  _printf_percent.o(.ARM.Collect$$_printf_percent$$00000000)
    _printf_percent_end                      0x080001ab   Thumb Code     0  _printf_percent_end.o(.ARM.Collect$$_printf_percent$$00000017)
    __rt_lib_init                            0x080001af   Thumb Code     0  libinit.o(.ARM.Collect$$libinit$$00000000)
    __rt_lib_init_fp_1                       0x080001b1   Thumb Code     0  libinit2.o(.ARM.Collect$$libinit$$00000002)
    __rt_lib_init_heap_1                     0x080001b1   Thumb Code     0  libinit2.o(.ARM.Collect$$libinit$$0000000A)
    __rt_lib_init_lc_common                  0x080001b1   Thumb Code     0  libinit2.o(.ARM.Collect$$libinit$$0000000F)
    __rt_lib_init_preinit_1                  0x080001b1   Thumb Code     0  libinit2.o(.ARM.Collect$$libinit$$00000004)
    __rt_lib_init_rand_1                     0x080001b1   Thumb Code     0  libinit2.o(.ARM.Collect$$libinit$$0000000E)
    __rt_lib_init_user_alloc_1               0x080001b1   Thumb Code     0  libinit2.o(.ARM.Collect$$libinit$$0000000C)
    __rt_lib_init_lc_collate_1               0x080001b7   Thumb Code     0  libinit2.o(.ARM.Collect$$libinit$$00000011)
    __rt_lib_init_lc_ctype_1                 0x080001b7   Thumb Code     0  libinit2.o(.ARM.Collect$$libinit$$00000013)
    __rt_lib_init_lc_monetary_1              0x080001b7   Thumb Code     0  libinit2.o(.ARM.Collect$$libinit$$00000015)
    __rt_lib_init_lc_numeric_2               0x080001b7   Thumb Code     0  libinit2.o(.ARM.Collect$$libinit$$00000016)
    __rt_lib_init_alloca_1                   0x080001c1   Thumb Code     0  libinit2.o(.ARM.Collect$$libinit$$0000002E)
    __rt_lib_init_argv_1                     0x080001c1   Thumb Code     0  libinit2.o(.ARM.Collect$$libinit$$0000002C)
    __rt_lib_init_atexit_1                   0x080001c1   Thumb Code     0  libinit2.o(.ARM.Collect$$libinit$$0000001B)
    __rt_lib_init_clock_1                    0x080001c1   Thumb Code     0  libinit2.o(.ARM.Collect$$libinit$$00000021)
    __rt_lib_init_cpp_1                      0x080001c1   Thumb Code     0  libinit2.o(.ARM.Collect$$libinit$$00000032)
    __rt_lib_init_exceptions_1               0x080001c1   Thumb Code     0  libinit2.o(.ARM.Collect$$libinit$$00000030)
    __rt_lib_init_fp_trap_1                  0x080001c1   Thumb Code     0  libinit2.o(.ARM.Collect$$libinit$$0000001F)
    __rt_lib_init_getenv_1                   0x080001c1   Thumb Code     0  libinit2.o(.ARM.Collect$$libinit$$00000023)
    __rt_lib_init_lc_numeric_1               0x080001c1   Thumb Code     0  libinit2.o(.ARM.Collect$$libinit$$00000017)
    __rt_lib_init_lc_time_1                  0x080001c1   Thumb Code     0  libinit2.o(.ARM.Collect$$libinit$$00000019)
    __rt_lib_init_return                     0x080001c1   Thumb Code     0  libinit2.o(.ARM.Collect$$libinit$$00000033)
    __rt_lib_init_signal_1                   0x080001c1   Thumb Code     0  libinit2.o(.ARM.Collect$$libinit$$0000001D)
    __rt_lib_init_stdio_1                    0x080001c1   Thumb Code     0  libinit2.o(.ARM.Collect$$libinit$$00000025)
    __rt_lib_shutdown                        0x080001c3   Thumb Code     0  libshutdown.o(.ARM.Collect$$libshutdown$$00000000)
    __rt_lib_shutdown_cpp_1                  0x080001c5   Thumb Code     0  libshutdown2.o(.ARM.Collect$$libshutdown$$00000002)
    __rt_lib_shutdown_fp_trap_1              0x080001c5   Thumb Code     0  libshutdown2.o(.ARM.Collect$$libshutdown$$00000007)
    __rt_lib_shutdown_heap_1                 0x080001c5   Thumb Code     0  libshutdown2.o(.ARM.Collect$$libshutdown$$0000000F)
    __rt_lib_shutdown_return                 0x080001c5   Thumb Code     0  libshutdown2.o(.ARM.Collect$$libshutdown$$00000010)
    __rt_lib_shutdown_signal_1               0x080001c5   Thumb Code     0  libshutdown2.o(.ARM.Collect$$libshutdown$$0000000A)
    __rt_lib_shutdown_stdio_1                0x080001c5   Thumb Code     0  libshutdown2.o(.ARM.Collect$$libshutdown$$00000004)
    __rt_lib_shutdown_user_alloc_1           0x080001c5   Thumb Code     0  libshutdown2.o(.ARM.Collect$$libshutdown$$0000000C)
    __rt_entry                               0x080001c7   Thumb Code     0  __rtentry.o(.ARM.Collect$$rtentry$$00000000)
    __rt_entry_presh_1                       0x080001c7   Thumb Code     0  __rtentry2.o(.ARM.Collect$$rtentry$$00000002)
    __rt_entry_sh                            0x080001c7   Thumb Code     0  __rtentry4.o(.ARM.Collect$$rtentry$$00000004)
    __rt_entry_li                            0x080001cd   Thumb Code     0  __rtentry2.o(.ARM.Collect$$rtentry$$0000000A)
    __rt_entry_postsh_1                      0x080001cd   Thumb Code     0  __rtentry2.o(.ARM.Collect$$rtentry$$00000009)
    __rt_entry_main                          0x080001d1   Thumb Code     0  __rtentry2.o(.ARM.Collect$$rtentry$$0000000D)
    __rt_entry_postli_1                      0x080001d1   Thumb Code     0  __rtentry2.o(.ARM.Collect$$rtentry$$0000000C)
    __rt_exit                                0x080001d9   Thumb Code     0  rtexit.o(.ARM.Collect$$rtexit$$00000000)
    __rt_exit_ls                             0x080001db   Thumb Code     0  rtexit2.o(.ARM.Collect$$rtexit$$00000003)
    __rt_exit_prels_1                        0x080001db   Thumb Code     0  rtexit2.o(.ARM.Collect$$rtexit$$00000002)
    __rt_exit_exit                           0x080001df   Thumb Code     0  rtexit2.o(.ARM.Collect$$rtexit$$00000004)
    Reset_Handler                            0x080001e5   Thumb Code     8  startup_stm32f10x_hd.o(.text)
    ADC1_2_IRQHandler                        0x080001ff   Thumb Code     0  startup_stm32f10x_hd.o(.text)
    ADC3_IRQHandler                          0x080001ff   Thumb Code     0  startup_stm32f10x_hd.o(.text)
    CAN1_RX1_IRQHandler                      0x080001ff   Thumb Code     0  startup_stm32f10x_hd.o(.text)
    CAN1_SCE_IRQHandler                      0x080001ff   Thumb Code     0  startup_stm32f10x_hd.o(.text)
    DMA1_Channel1_IRQHandler                 0x080001ff   Thumb Code     0  startup_stm32f10x_hd.o(.text)
    DMA1_Channel2_IRQHandler                 0x080001ff   Thumb Code     0  startup_stm32f10x_hd.o(.text)
    DMA1_Channel3_IRQHandler                 0x080001ff   Thumb Code     0  startup_stm32f10x_hd.o(.text)
    DMA1_Channel4_IRQHandler                 0x080001ff   Thumb Code     0  startup_stm32f10x_hd.o(.text)
    DMA1_Channel5_IRQHandler                 0x080001ff   Thumb Code     0  startup_stm32f10x_hd.o(.text)
    DMA1_Channel6_IRQHandler                 0x080001ff   Thumb Code     0  startup_stm32f10x_hd.o(.text)
    DMA1_Channel7_IRQHandler                 0x080001ff   Thumb Code     0  startup_stm32f10x_hd.o(.text)
    DMA2_Channel1_IRQHandler                 0x080001ff   Thumb Code     0  startup_stm32f10x_hd.o(.text)
    DMA2_Channel2_IRQHandler                 0x080001ff   Thumb Code     0  startup_stm32f10x_hd.o(.text)
    DMA2_Channel3_IRQHandler                 0x080001ff   Thumb Code     0  startup_stm32f10x_hd.o(.text)
    DMA2_Channel4_5_IRQHandler               0x080001ff   Thumb Code     0  startup_stm32f10x_hd.o(.text)
    EXTI0_IRQHandler                         0x080001ff   Thumb Code     0  startup_stm32f10x_hd.o(.text)
    EXTI15_10_IRQHandler                     0x080001ff   Thumb Code     0  startup_stm32f10x_hd.o(.text)
    EXTI1_IRQHandler                         0x080001ff   Thumb Code     0  startup_stm32f10x_hd.o(.text)
    EXTI2_IRQHandler                         0x080001ff   Thumb Code     0  startup_stm32f10x_hd.o(.text)
    EXTI3_IRQHandler                         0x080001ff   Thumb Code     0  startup_stm32f10x_hd.o(.text)
    EXTI4_IRQHandler                         0x080001ff   Thumb Code     0  startup_stm32f10x_hd.o(.text)
    EXTI9_5_IRQHandler                       0x080001ff   Thumb Code     0  startup_stm32f10x_hd.o(.text)
    FLASH_IRQHandler                         0x080001ff   Thumb Code     0  startup_stm32f10x_hd.o(.text)
    FSMC_IRQHandler                          0x080001ff   Thumb Code     0  startup_stm32f10x_hd.o(.text)
    I2C1_ER_IRQHandler                       0x080001ff   Thumb Code     0  startup_stm32f10x_hd.o(.text)
    I2C1_EV_IRQHandler                       0x080001ff   Thumb Code     0  startup_stm32f10x_hd.o(.text)
    I2C2_ER_IRQHandler                       0x080001ff   Thumb Code     0  startup_stm32f10x_hd.o(.text)
    I2C2_EV_IRQHandler                       0x080001ff   Thumb Code     0  startup_stm32f10x_hd.o(.text)
    PVD_IRQHandler                           0x080001ff   Thumb Code     0  startup_stm32f10x_hd.o(.text)
    RCC_IRQHandler                           0x080001ff   Thumb Code     0  startup_stm32f10x_hd.o(.text)
    RTCAlarm_IRQHandler                      0x080001ff   Thumb Code     0  startup_stm32f10x_hd.o(.text)
    RTC_IRQHandler                           0x080001ff   Thumb Code     0  startup_stm32f10x_hd.o(.text)
    SDIO_IRQHandler                          0x080001ff   Thumb Code     0  startup_stm32f10x_hd.o(.text)
    SPI1_IRQHandler                          0x080001ff   Thumb Code     0  startup_stm32f10x_hd.o(.text)
    SPI2_IRQHandler                          0x080001ff   Thumb Code     0  startup_stm32f10x_hd.o(.text)
    SPI3_IRQHandler                          0x080001ff   Thumb Code     0  startup_stm32f10x_hd.o(.text)
    TAMPER_IRQHandler                        0x080001ff   Thumb Code     0  startup_stm32f10x_hd.o(.text)
    TIM1_BRK_IRQHandler                      0x080001ff   Thumb Code     0  startup_stm32f10x_hd.o(.text)
    TIM1_CC_IRQHandler                       0x080001ff   Thumb Code     0  startup_stm32f10x_hd.o(.text)
    TIM1_TRG_COM_IRQHandler                  0x080001ff   Thumb Code     0  startup_stm32f10x_hd.o(.text)
    TIM1_UP_IRQHandler                       0x080001ff   Thumb Code     0  startup_stm32f10x_hd.o(.text)
    TIM2_IRQHandler                          0x080001ff   Thumb Code     0  startup_stm32f10x_hd.o(.text)
    TIM3_IRQHandler                          0x080001ff   Thumb Code     0  startup_stm32f10x_hd.o(.text)
    TIM4_IRQHandler                          0x080001ff   Thumb Code     0  startup_stm32f10x_hd.o(.text)
    TIM5_IRQHandler                          0x080001ff   Thumb Code     0  startup_stm32f10x_hd.o(.text)
    TIM6_IRQHandler                          0x080001ff   Thumb Code     0  startup_stm32f10x_hd.o(.text)
    TIM7_IRQHandler                          0x080001ff   Thumb Code     0  startup_stm32f10x_hd.o(.text)
    TIM8_BRK_IRQHandler                      0x080001ff   Thumb Code     0  startup_stm32f10x_hd.o(.text)
    TIM8_CC_IRQHandler                       0x080001ff   Thumb Code     0  startup_stm32f10x_hd.o(.text)
    TIM8_TRG_COM_IRQHandler                  0x080001ff   Thumb Code     0  startup_stm32f10x_hd.o(.text)
    TIM8_UP_IRQHandler                       0x080001ff   Thumb Code     0  startup_stm32f10x_hd.o(.text)
    UART4_IRQHandler                         0x080001ff   Thumb Code     0  startup_stm32f10x_hd.o(.text)
    UART5_IRQHandler                         0x080001ff   Thumb Code     0  startup_stm32f10x_hd.o(.text)
    USART2_IRQHandler                        0x080001ff   Thumb Code     0  startup_stm32f10x_hd.o(.text)
    USART3_IRQHandler                        0x080001ff   Thumb Code     0  startup_stm32f10x_hd.o(.text)
    USBWakeUp_IRQHandler                     0x080001ff   Thumb Code     0  startup_stm32f10x_hd.o(.text)
    USB_HP_CAN1_TX_IRQHandler                0x080001ff   Thumb Code     0  startup_stm32f10x_hd.o(.text)
    USB_LP_CAN1_RX0_IRQHandler               0x080001ff   Thumb Code     0  startup_stm32f10x_hd.o(.text)
    WWDG_IRQHandler                          0x080001ff   Thumb Code     0  startup_stm32f10x_hd.o(.text)
    __user_initial_stackheap                 0x08000201   Thumb Code     0  startup_stm32f10x_hd.o(.text)
    __2sprintf                               0x08000225   Thumb Code    34  noretval__2sprintf.o(.text)
    __printf                                 0x0800024d   Thumb Code   270  __printf_wp.o(.text)
    __use_two_region_memory                  0x0800035b   Thumb Code     2  heapauxi.o(.text)
    __rt_heap_escrow$2region                 0x0800035d   Thumb Code     2  heapauxi.o(.text)
    __rt_heap_expand$2region                 0x0800035f   Thumb Code     2  heapauxi.o(.text)
    __lib_sel_fp_printf                      0x08000361   Thumb Code     2  _printf_fp_dec.o(.text)
    _printf_fp_dec_real                      0x0800050f   Thumb Code   620  _printf_fp_dec.o(.text)
    _printf_char_common                      0x08000787   Thumb Code    32  _printf_char_common.o(.text)
    _sputc                                   0x080007ad   Thumb Code    10  _sputc.o(.text)
    __rt_locale                              0x080007b9   Thumb Code     8  rt_locale_intlibspace.o(.text)
    _ll_udiv10                               0x080007c1   Thumb Code   138  lludiv10.o(.text)
    _printf_fp_infnan                        0x0800084d   Thumb Code   112  _printf_fp_infnan.o(.text)
    _btod_etento                             0x080008cd   Thumb Code   216  bigflt0.o(.text)
    __user_libspace                          0x080009a9   Thumb Code     8  libspace.o(.text)
    __user_perproc_libspace                  0x080009a9   Thumb Code     0  libspace.o(.text)
    __user_perthread_libspace                0x080009a9   Thumb Code     0  libspace.o(.text)
    __user_setup_stackheap                   0x080009b1   Thumb Code    74  sys_stackheap_outer.o(.text)
    exit                                     0x080009fb   Thumb Code    18  exit.o(.text)
    strcmp                                   0x08000a0d   Thumb Code   128  strcmpv7m.o(.text)
    _sys_exit                                0x08000a8d   Thumb Code     8  sys_exit.o(.text)
    __I$use$semihosting                      0x08000a99   Thumb Code     0  use_no_semi.o(.text)
    __use_no_semihosting_swi                 0x08000a99   Thumb Code     2  use_no_semi.o(.text)
    __semihosting_library_function           0x08000a9b   Thumb Code     0  indicate_semi.o(.text)
    _btod_d2e                                0x08000a9b   Thumb Code    62  btod.o(CL$$btod_d2e)
    _d2e_denorm_low                          0x08000ad9   Thumb Code    70  btod.o(CL$$btod_d2e_denorm_low)
    _d2e_norm_op1                            0x08000b1f   Thumb Code    96  btod.o(CL$$btod_d2e_norm_op1)
    __btod_div_common                        0x08000b7f   Thumb Code   696  btod.o(CL$$btod_div_common)
    _e2e                                     0x08000eb7   Thumb Code   198  btod.o(CL$$btod_e2e)
    _btod_ediv                               0x08000f7d   Thumb Code    40  btod.o(CL$$btod_ediv)
    _btod_emul                               0x08000fa5   Thumb Code    40  btod.o(CL$$btod_emul)
    __btod_mult_common                       0x08000fcd   Thumb Code   580  btod.o(CL$$btod_mult_common)
    ADC_Cmd                                  0x08001211   Thumb Code    22  stm32f10x_adc.o(i.ADC_Cmd)
    ADC_DeInit                               0x08001229   Thumb Code    78  stm32f10x_adc.o(i.ADC_DeInit)
    ADC_GetCalibrationStatus                 0x08001285   Thumb Code    20  stm32f10x_adc.o(i.ADC_GetCalibrationStatus)
    ADC_GetConversionValue                   0x08001299   Thumb Code     8  stm32f10x_adc.o(i.ADC_GetConversionValue)
    ADC_GetFlagStatus                        0x080012a1   Thumb Code    18  stm32f10x_adc.o(i.ADC_GetFlagStatus)
    ADC_GetResetCalibrationStatus            0x080012b3   Thumb Code    20  stm32f10x_adc.o(i.ADC_GetResetCalibrationStatus)
    ADC_Init                                 0x080012c9   Thumb Code    70  stm32f10x_adc.o(i.ADC_Init)
    ADC_RegularChannelConfig                 0x08001319   Thumb Code   184  stm32f10x_adc.o(i.ADC_RegularChannelConfig)
    ADC_ResetCalibration                     0x080013d1   Thumb Code    10  stm32f10x_adc.o(i.ADC_ResetCalibration)
    ADC_SoftwareStartConvCmd                 0x080013db   Thumb Code    22  stm32f10x_adc.o(i.ADC_SoftwareStartConvCmd)
    ADC_StartCalibration                     0x080013f1   Thumb Code    10  stm32f10x_adc.o(i.ADC_StartCalibration)
    Adc_Init                                 0x080013fd   Thumb Code   132  adc.o(i.Adc_Init)
    BusFault_Handler                         0x08001489   Thumb Code     4  stm32f10x_it.o(i.BusFault_Handler)
    DebugMon_Handler                         0x0800148d   Thumb Code     2  stm32f10x_it.o(i.DebugMon_Handler)
    GPIO_Init                                0x0800148f   Thumb Code   278  stm32f10x_gpio.o(i.GPIO_Init)
    GPIO_ResetBits                           0x080015a5   Thumb Code     4  stm32f10x_gpio.o(i.GPIO_ResetBits)
    GPIO_SetBits                             0x080015a9   Thumb Code     4  stm32f10x_gpio.o(i.GPIO_SetBits)
    GPIO_WriteBit                            0x080015ad   Thumb Code    10  stm32f10x_gpio.o(i.GPIO_WriteBit)
    Get_Adc                                  0x080015b9   Thumb Code    46  adc.o(i.Get_Adc)
    HardFault_Handler                        0x080015ed   Thumb Code     4  stm32f10x_it.o(i.HardFault_Handler)
    MemManage_Handler                        0x080015f1   Thumb Code     4  stm32f10x_it.o(i.MemManage_Handler)
    NMI_Handler                              0x080015f5   Thumb Code     2  stm32f10x_it.o(i.NMI_Handler)
    NVIC_Init                                0x080015f9   Thumb Code   100  misc.o(i.NVIC_Init)
    NVIC_PriorityGroupConfig                 0x08001669   Thumb Code    10  misc.o(i.NVIC_PriorityGroupConfig)
    OLED_Clear                               0x0800167d   Thumb Code    42  oled.o(i.OLED_Clear)
    OLED_I2C_Init                            0x080016a9   Thumb Code    76  oled.o(i.OLED_I2C_Init)
    OLED_I2C_SendByte                        0x080016f9   Thumb Code    80  oled.o(i.OLED_I2C_SendByte)
    OLED_I2C_Start                           0x0800174d   Thumb Code    48  oled.o(i.OLED_I2C_Start)
    OLED_I2C_Stop                            0x08001781   Thumb Code    36  oled.o(i.OLED_I2C_Stop)
    OLED_Init                                0x080017a9   Thumb Code   174  oled.o(i.OLED_Init)
    OLED_SetCursor                           0x08001857   Thumb Code    34  oled.o(i.OLED_SetCursor)
    OLED_ShowChar                            0x08001879   Thumb Code   110  oled.o(i.OLED_ShowChar)
    OLED_ShowString                          0x080018ed   Thumb Code    40  oled.o(i.OLED_ShowString)
    OLED_WriteCommand                        0x08001915   Thumb Code    32  oled.o(i.OLED_WriteCommand)
    OLED_WriteData                           0x08001935   Thumb Code    32  oled.o(i.OLED_WriteData)
    PendSV_Handler                           0x08001955   Thumb Code     2  stm32f10x_it.o(i.PendSV_Handler)
    RCC_ADCCLKConfig                         0x08001959   Thumb Code    18  stm32f10x_rcc.o(i.RCC_ADCCLKConfig)
    RCC_APB1PeriphClockCmd                   0x08001971   Thumb Code    26  stm32f10x_rcc.o(i.RCC_APB1PeriphClockCmd)
    RCC_APB1PeriphResetCmd                   0x08001991   Thumb Code    26  stm32f10x_rcc.o(i.RCC_APB1PeriphResetCmd)
    RCC_APB2PeriphClockCmd                   0x080019b1   Thumb Code    26  stm32f10x_rcc.o(i.RCC_APB2PeriphClockCmd)
    RCC_APB2PeriphResetCmd                   0x080019d1   Thumb Code    26  stm32f10x_rcc.o(i.RCC_APB2PeriphResetCmd)
    RCC_GetClocksFreq                        0x080019f1   Thumb Code   192  stm32f10x_rcc.o(i.RCC_GetClocksFreq)
    SVC_Handler                              0x08001ac5   Thumb Code     2  stm32f10x_it.o(i.SVC_Handler)
    SysTick_CLKSourceConfig                  0x08001bb1   Thumb Code    40  misc.o(i.SysTick_CLKSourceConfig)
    SysTick_Handler                          0x08001bd9   Thumb Code     2  stm32f10x_it.o(i.SysTick_Handler)
    SystemInit                               0x08001bdd   Thumb Code    78  system_stm32f10x.o(i.SystemInit)
    TIM3_PWM_Init                            0x08001c3d   Thumb Code   204  pwm.o(i.TIM3_PWM_Init)
    TIM_ARRPreloadConfig                     0x08001d11   Thumb Code    24  stm32f10x_tim.o(i.TIM_ARRPreloadConfig)
    TIM_Cmd                                  0x08001d29   Thumb Code    24  stm32f10x_tim.o(i.TIM_Cmd)
    TIM_OC1Init                              0x08001d41   Thumb Code   132  stm32f10x_tim.o(i.TIM_OC1Init)
    TIM_OC1PreloadConfig                     0x08001dd9   Thumb Code    18  stm32f10x_tim.o(i.TIM_OC1PreloadConfig)
    TIM_OC2Init                              0x08001ded   Thumb Code   154  stm32f10x_tim.o(i.TIM_OC2Init)
    TIM_OC2PreloadConfig                     0x08001e91   Thumb Code    26  stm32f10x_tim.o(i.TIM_OC2PreloadConfig)
    TIM_SetCompare1                          0x08001eab   Thumb Code     4  stm32f10x_tim.o(i.TIM_SetCompare1)
    TIM_SetCompare2                          0x08001eaf   Thumb Code     4  stm32f10x_tim.o(i.TIM_SetCompare2)
    TIM_TimeBaseInit                         0x08001eb5   Thumb Code   122  stm32f10x_tim.o(i.TIM_TimeBaseInit)
    USART1_IRQHandler                        0x08001f59   Thumb Code   110  usart.o(i.USART1_IRQHandler)
    USART_ClearITPendingBit                  0x08001fd5   Thumb Code    30  stm32f10x_usart.o(i.USART_ClearITPendingBit)
    USART_Cmd                                0x08001ff3   Thumb Code    24  stm32f10x_usart.o(i.USART_Cmd)
    USART_DeInit                             0x0800200d   Thumb Code   134  stm32f10x_usart.o(i.USART_DeInit)
    USART_GetITStatus                        0x080020a9   Thumb Code    84  stm32f10x_usart.o(i.USART_GetITStatus)
    USART_ITConfig                           0x080020fd   Thumb Code    74  stm32f10x_usart.o(i.USART_ITConfig)
    USART_Init                               0x08002149   Thumb Code   210  stm32f10x_usart.o(i.USART_Init)
    USART_ReceiveData                        0x08002221   Thumb Code    10  stm32f10x_usart.o(i.USART_ReceiveData)
    UsageFault_Handler                       0x0800222b   Thumb Code     4  stm32f10x_it.o(i.UsageFault_Handler)
    __ARM_fpclassify                         0x0800222f   Thumb Code    40  fpclassify.o(i.__ARM_fpclassify)
    _is_digit                                0x08002257   Thumb Code    14  __printf_wp.o(i._is_digit)
    delay_init                               0x08002265   Thumb Code    50  delay.o(i.delay_init)
    delay_ms                                 0x080022a9   Thumb Code    72  delay.o(i.delay_ms)
    gpio_Init                                0x080022f5   Thumb Code    40  gpio.o(i.gpio_Init)
    led13                                    0x08002321   Thumb Code    40  gpio.o(i.led13)
    main                                     0x0800234d   Thumb Code   128  main.o(i.main)
    moter_straight                           0x080023e9   Thumb Code    24  pwm.o(i.moter_straight)
    moter_tLeft                              0x08002405   Thumb Code    22  pwm.o(i.moter_tLeft)
    moter_tRight                             0x08002421   Thumb Code    22  pwm.o(i.moter_tRight)
    usart_Init                               0x0800243d   Thumb Code   166  usart.o(i.usart_Init)
    _get_lc_numeric                          0x080024ed   Thumb Code    44  lc_numeric_c.o(locale$$code)
    __aeabi_d2f                              0x08002519   Thumb Code     0  d2f.o(x$fpl$d2f)
    _d2f                                     0x08002519   Thumb Code    98  d2f.o(x$fpl$d2f)
    __aeabi_dmul                             0x0800257d   Thumb Code     0  dmul.o(x$fpl$dmul)
    _dmul                                    0x0800257d   Thumb Code   332  dmul.o(x$fpl$dmul)
    __fpl_dnaninf                            0x080026d1   Thumb Code   156  dnaninf.o(x$fpl$dnaninf)
    __fpl_dretinf                            0x0800276d   Thumb Code    12  dretinf.o(x$fpl$dretinf)
    __aeabi_f2d                              0x08002779   Thumb Code     0  f2d.o(x$fpl$f2d)
    _f2d                                     0x08002779   Thumb Code    86  f2d.o(x$fpl$f2d)
    __aeabi_ui2f                             0x080027d1   Thumb Code     0  fflt_clz.o(x$fpl$ffltu)
    _ffltu                                   0x080027d1   Thumb Code    38  fflt_clz.o(x$fpl$ffltu)
    __fpl_fnaninf                            0x080027f7   Thumb Code   140  fnaninf.o(x$fpl$fnaninf)
    __fpl_fretinf                            0x08002883   Thumb Code    10  fretinf.o(x$fpl$fretinf)
    _printf_fp_dec                           0x0800288d   Thumb Code     4  printf1.o(x$fpl$printf1)
    OLED_F8x16                               0x08002890   Data        1520  oled.o(.constdata)
    __I$use$fp                               0x08002890   Number         0  usenofp.o(x$fpl$usenofp)
    Region$$Table$$Base                      0x08002f14   Number         0  anon$$obj.o(Region$$Table)
    Region$$Table$$Limit                     0x08002f34   Number         0  anon$$obj.o(Region$$Table)
    SystemCoreClock                          0x20000000   Data           4  system_stm32f10x.o(.data)
    AHBPrescTable                            0x20000004   Data          16  system_stm32f10x.o(.data)
    __libspace_start                         0x2000002c   Data          96  libspace.o(.bss)
    __temporary_stack_top$libspace           0x2000008c   Data           0  libspace.o(.bss)



==============================================================================

Memory Map of the image

  Image Entry point : 0x080001e5

  Load Region LR_1 (Base: 0x08000000, Size: 0x00002f7c, Max: 0xffffffff, ABSOLUTE)

    Execution Region ER_RO (Base: 0x08000000, Size: 0x00002f50, Max: 0xffffffff, ABSOLUTE)

    Base Addr    Size         Type   Attr      Idx    E Section Name        Object

    0x08000000   0x00000130   Data   RO          361    RESET               startup_stm32f10x_hd.o
    0x08000130   0x00000008   Code   RO         3560  * !!!main             c_w.l(__main.o)
    0x08000138   0x00000034   Code   RO         3806    !!!scatter          c_w.l(__scatter.o)
    0x0800016c   0x0000001a   Code   RO         3808    !!handler_copy      c_w.l(__scatter_copy.o)
    0x08000186   0x00000002   PAD
    0x08000188   0x0000001c   Code   RO         3810    !!handler_zi        c_w.l(__scatter_zi.o)
    0x080001a4   0x00000000   Code   RO         3557    .ARM.Collect$$_printf_percent$$00000000  c_w.l(_printf_percent.o)
    0x080001a4   0x00000006   Code   RO         3556    .ARM.Collect$$_printf_percent$$00000003  c_w.l(_printf_f.o)
    0x080001aa   0x00000004   Code   RO         3597    .ARM.Collect$$_printf_percent$$00000017  c_w.l(_printf_percent_end.o)
    0x080001ae   0x00000002   Code   RO         3679    .ARM.Collect$$libinit$$00000000  c_w.l(libinit.o)
    0x080001b0   0x00000000   Code   RO         3681    .ARM.Collect$$libinit$$00000002  c_w.l(libinit2.o)
    0x080001b0   0x00000000   Code   RO         3683    .ARM.Collect$$libinit$$00000004  c_w.l(libinit2.o)
    0x080001b0   0x00000000   Code   RO         3686    .ARM.Collect$$libinit$$0000000A  c_w.l(libinit2.o)
    0x080001b0   0x00000000   Code   RO         3688    .ARM.Collect$$libinit$$0000000C  c_w.l(libinit2.o)
    0x080001b0   0x00000000   Code   RO         3690    .ARM.Collect$$libinit$$0000000E  c_w.l(libinit2.o)
    0x080001b0   0x00000006   Code   RO         3691    .ARM.Collect$$libinit$$0000000F  c_w.l(libinit2.o)
    0x080001b6   0x00000000   Code   RO         3693    .ARM.Collect$$libinit$$00000011  c_w.l(libinit2.o)
    0x080001b6   0x00000000   Code   RO         3695    .ARM.Collect$$libinit$$00000013  c_w.l(libinit2.o)
    0x080001b6   0x00000000   Code   RO         3697    .ARM.Collect$$libinit$$00000015  c_w.l(libinit2.o)
    0x080001b6   0x0000000a   Code   RO         3698    .ARM.Collect$$libinit$$00000016  c_w.l(libinit2.o)
    0x080001c0   0x00000000   Code   RO         3699    .ARM.Collect$$libinit$$00000017  c_w.l(libinit2.o)
    0x080001c0   0x00000000   Code   RO         3701    .ARM.Collect$$libinit$$00000019  c_w.l(libinit2.o)
    0x080001c0   0x00000000   Code   RO         3703    .ARM.Collect$$libinit$$0000001B  c_w.l(libinit2.o)
    0x080001c0   0x00000000   Code   RO         3705    .ARM.Collect$$libinit$$0000001D  c_w.l(libinit2.o)
    0x080001c0   0x00000000   Code   RO         3707    .ARM.Collect$$libinit$$0000001F  c_w.l(libinit2.o)
    0x080001c0   0x00000000   Code   RO         3709    .ARM.Collect$$libinit$$00000021  c_w.l(libinit2.o)
    0x080001c0   0x00000000   Code   RO         3711    .ARM.Collect$$libinit$$00000023  c_w.l(libinit2.o)
    0x080001c0   0x00000000   Code   RO         3713    .ARM.Collect$$libinit$$00000025  c_w.l(libinit2.o)
    0x080001c0   0x00000000   Code   RO         3717    .ARM.Collect$$libinit$$0000002C  c_w.l(libinit2.o)
    0x080001c0   0x00000000   Code   RO         3719    .ARM.Collect$$libinit$$0000002E  c_w.l(libinit2.o)
    0x080001c0   0x00000000   Code   RO         3721    .ARM.Collect$$libinit$$00000030  c_w.l(libinit2.o)
    0x080001c0   0x00000000   Code   RO         3723    .ARM.Collect$$libinit$$00000032  c_w.l(libinit2.o)
    0x080001c0   0x00000002   Code   RO         3724    .ARM.Collect$$libinit$$00000033  c_w.l(libinit2.o)
    0x080001c2   0x00000002   Code   RO         3754    .ARM.Collect$$libshutdown$$00000000  c_w.l(libshutdown.o)
    0x080001c4   0x00000000   Code   RO         3765    .ARM.Collect$$libshutdown$$00000002  c_w.l(libshutdown2.o)
    0x080001c4   0x00000000   Code   RO         3767    .ARM.Collect$$libshutdown$$00000004  c_w.l(libshutdown2.o)
    0x080001c4   0x00000000   Code   RO         3770    .ARM.Collect$$libshutdown$$00000007  c_w.l(libshutdown2.o)
    0x080001c4   0x00000000   Code   RO         3773    .ARM.Collect$$libshutdown$$0000000A  c_w.l(libshutdown2.o)
    0x080001c4   0x00000000   Code   RO         3775    .ARM.Collect$$libshutdown$$0000000C  c_w.l(libshutdown2.o)
    0x080001c4   0x00000000   Code   RO         3778    .ARM.Collect$$libshutdown$$0000000F  c_w.l(libshutdown2.o)
    0x080001c4   0x00000002   Code   RO         3779    .ARM.Collect$$libshutdown$$00000010  c_w.l(libshutdown2.o)
    0x080001c6   0x00000000   Code   RO         3590    .ARM.Collect$$rtentry$$00000000  c_w.l(__rtentry.o)
    0x080001c6   0x00000000   Code   RO         3608    .ARM.Collect$$rtentry$$00000002  c_w.l(__rtentry2.o)
    0x080001c6   0x00000006   Code   RO         3620    .ARM.Collect$$rtentry$$00000004  c_w.l(__rtentry4.o)
    0x080001cc   0x00000000   Code   RO         3610    .ARM.Collect$$rtentry$$00000009  c_w.l(__rtentry2.o)
    0x080001cc   0x00000004   Code   RO         3611    .ARM.Collect$$rtentry$$0000000A  c_w.l(__rtentry2.o)
    0x080001d0   0x00000000   Code   RO         3613    .ARM.Collect$$rtentry$$0000000C  c_w.l(__rtentry2.o)
    0x080001d0   0x00000008   Code   RO         3614    .ARM.Collect$$rtentry$$0000000D  c_w.l(__rtentry2.o)
    0x080001d8   0x00000002   Code   RO         3725    .ARM.Collect$$rtexit$$00000000  c_w.l(rtexit.o)
    0x080001da   0x00000000   Code   RO         3732    .ARM.Collect$$rtexit$$00000002  c_w.l(rtexit2.o)
    0x080001da   0x00000004   Code   RO         3733    .ARM.Collect$$rtexit$$00000003  c_w.l(rtexit2.o)
    0x080001de   0x00000006   Code   RO         3734    .ARM.Collect$$rtexit$$00000004  c_w.l(rtexit2.o)
    0x080001e4   0x00000040   Code   RO          362  * .text               startup_stm32f10x_hd.o
    0x08000224   0x00000028   Code   RO         3532    .text               c_w.l(noretval__2sprintf.o)
    0x0800024c   0x0000010e   Code   RO         3544    .text               c_w.l(__printf_wp.o)
    0x0800035a   0x00000006   Code   RO         3558    .text               c_w.l(heapauxi.o)
    0x08000360   0x0000041a   Code   RO         3591    .text               c_w.l(_printf_fp_dec.o)
    0x0800077a   0x00000002   PAD
    0x0800077c   0x00000030   Code   RO         3593    .text               c_w.l(_printf_char_common.o)
    0x080007ac   0x0000000a   Code   RO         3595    .text               c_w.l(_sputc.o)
    0x080007b6   0x00000002   PAD
    0x080007b8   0x00000008   Code   RO         3625    .text               c_w.l(rt_locale_intlibspace.o)
    0x080007c0   0x0000008a   Code   RO         3627    .text               c_w.l(lludiv10.o)
    0x0800084a   0x00000002   PAD
    0x0800084c   0x00000080   Code   RO         3629    .text               c_w.l(_printf_fp_infnan.o)
    0x080008cc   0x000000dc   Code   RO         3633    .text               c_w.l(bigflt0.o)
    0x080009a8   0x00000008   Code   RO         3665    .text               c_w.l(libspace.o)
    0x080009b0   0x0000004a   Code   RO         3668    .text               c_w.l(sys_stackheap_outer.o)
    0x080009fa   0x00000012   Code   RO         3670    .text               c_w.l(exit.o)
    0x08000a0c   0x00000080   Code   RO         3672    .text               c_w.l(strcmpv7m.o)
    0x08000a8c   0x0000000c   Code   RO         3744    .text               c_w.l(sys_exit.o)
    0x08000a98   0x00000002   Code   RO         3755    .text               c_w.l(use_no_semi.o)
    0x08000a9a   0x00000000   Code   RO         3757    .text               c_w.l(indicate_semi.o)
    0x08000a9a   0x0000003e   Code   RO         3636    CL$$btod_d2e        c_w.l(btod.o)
    0x08000ad8   0x00000046   Code   RO         3638    CL$$btod_d2e_denorm_low  c_w.l(btod.o)
    0x08000b1e   0x00000060   Code   RO         3637    CL$$btod_d2e_norm_op1  c_w.l(btod.o)
    0x08000b7e   0x00000338   Code   RO         3646    CL$$btod_div_common  c_w.l(btod.o)
    0x08000eb6   0x000000c6   Code   RO         3643    CL$$btod_e2e        c_w.l(btod.o)
    0x08000f7c   0x00000028   Code   RO         3640    CL$$btod_ediv       c_w.l(btod.o)
    0x08000fa4   0x00000028   Code   RO         3639    CL$$btod_emul       c_w.l(btod.o)
    0x08000fcc   0x00000244   Code   RO         3645    CL$$btod_mult_common  c_w.l(btod.o)
    0x08001210   0x00000016   Code   RO          408    i.ADC_Cmd           stm32f10x_adc.o
    0x08001226   0x00000002   PAD
    0x08001228   0x0000005c   Code   RO          410    i.ADC_DeInit        stm32f10x_adc.o
    0x08001284   0x00000014   Code   RO          416    i.ADC_GetCalibrationStatus  stm32f10x_adc.o
    0x08001298   0x00000008   Code   RO          417    i.ADC_GetConversionValue  stm32f10x_adc.o
    0x080012a0   0x00000012   Code   RO          419    i.ADC_GetFlagStatus  stm32f10x_adc.o
    0x080012b2   0x00000014   Code   RO          422    i.ADC_GetResetCalibrationStatus  stm32f10x_adc.o
    0x080012c6   0x00000002   PAD
    0x080012c8   0x00000050   Code   RO          426    i.ADC_Init          stm32f10x_adc.o
    0x08001318   0x000000b8   Code   RO          430    i.ADC_RegularChannelConfig  stm32f10x_adc.o
    0x080013d0   0x0000000a   Code   RO          431    i.ADC_ResetCalibration  stm32f10x_adc.o
    0x080013da   0x00000016   Code   RO          433    i.ADC_SoftwareStartConvCmd  stm32f10x_adc.o
    0x080013f0   0x0000000a   Code   RO          435    i.ADC_StartCalibration  stm32f10x_adc.o
    0x080013fa   0x00000002   PAD
    0x080013fc   0x0000008c   Code   RO         3498    i.Adc_Init          adc.o
    0x08001488   0x00000004   Code   RO          132    i.BusFault_Handler  stm32f10x_it.o
    0x0800148c   0x00000002   Code   RO          133    i.DebugMon_Handler  stm32f10x_it.o
    0x0800148e   0x00000116   Code   RO         1517    i.GPIO_Init         stm32f10x_gpio.o
    0x080015a4   0x00000004   Code   RO         1524    i.GPIO_ResetBits    stm32f10x_gpio.o
    0x080015a8   0x00000004   Code   RO         1525    i.GPIO_SetBits      stm32f10x_gpio.o
    0x080015ac   0x0000000a   Code   RO         1528    i.GPIO_WriteBit     stm32f10x_gpio.o
    0x080015b6   0x00000002   PAD
    0x080015b8   0x00000034   Code   RO         3499    i.Get_Adc           adc.o
    0x080015ec   0x00000004   Code   RO          134    i.HardFault_Handler  stm32f10x_it.o
    0x080015f0   0x00000004   Code   RO          135    i.MemManage_Handler  stm32f10x_it.o
    0x080015f4   0x00000002   Code   RO          136    i.NMI_Handler       stm32f10x_it.o
    0x080015f6   0x00000002   PAD
    0x080015f8   0x00000070   Code   RO          366    i.NVIC_Init         misc.o
    0x08001668   0x00000014   Code   RO          367    i.NVIC_PriorityGroupConfig  misc.o
    0x0800167c   0x0000002a   Code   RO         3390    i.OLED_Clear        oled.o
    0x080016a6   0x00000002   PAD
    0x080016a8   0x00000050   Code   RO         3391    i.OLED_I2C_Init     oled.o
    0x080016f8   0x00000054   Code   RO         3392    i.OLED_I2C_SendByte  oled.o
    0x0800174c   0x00000034   Code   RO         3393    i.OLED_I2C_Start    oled.o
    0x08001780   0x00000028   Code   RO         3394    i.OLED_I2C_Stop     oled.o
    0x080017a8   0x000000ae   Code   RO         3395    i.OLED_Init         oled.o
    0x08001856   0x00000022   Code   RO         3397    i.OLED_SetCursor    oled.o
    0x08001878   0x00000074   Code   RO         3399    i.OLED_ShowChar     oled.o
    0x080018ec   0x00000028   Code   RO         3403    i.OLED_ShowString   oled.o
    0x08001914   0x00000020   Code   RO         3404    i.OLED_WriteCommand  oled.o
    0x08001934   0x00000020   Code   RO         3405    i.OLED_WriteData    oled.o
    0x08001954   0x00000002   Code   RO          137    i.PendSV_Handler    stm32f10x_it.o
    0x08001956   0x00000002   PAD
    0x08001958   0x00000018   Code   RO         1931    i.RCC_ADCCLKConfig  stm32f10x_rcc.o
    0x08001970   0x00000020   Code   RO         1933    i.RCC_APB1PeriphClockCmd  stm32f10x_rcc.o
    0x08001990   0x00000020   Code   RO         1934    i.RCC_APB1PeriphResetCmd  stm32f10x_rcc.o
    0x080019b0   0x00000020   Code   RO         1935    i.RCC_APB2PeriphClockCmd  stm32f10x_rcc.o
    0x080019d0   0x00000020   Code   RO         1936    i.RCC_APB2PeriphResetCmd  stm32f10x_rcc.o
    0x080019f0   0x000000d4   Code   RO         1943    i.RCC_GetClocksFreq  stm32f10x_rcc.o
    0x08001ac4   0x00000002   Code   RO          138    i.SVC_Handler       stm32f10x_it.o
    0x08001ac6   0x00000008   Code   RO          195    i.SetSysClock       system_stm32f10x.o
    0x08001ace   0x00000002   PAD
    0x08001ad0   0x000000e0   Code   RO          196    i.SetSysClockTo72   system_stm32f10x.o
    0x08001bb0   0x00000028   Code   RO          370    i.SysTick_CLKSourceConfig  misc.o
    0x08001bd8   0x00000002   Code   RO          139    i.SysTick_Handler   stm32f10x_it.o
    0x08001bda   0x00000002   PAD
    0x08001bdc   0x00000060   Code   RO          198    i.SystemInit        system_stm32f10x.o
    0x08001c3c   0x000000d4   Code   RO         3354    i.TIM3_PWM_Init     pwm.o
    0x08001d10   0x00000018   Code   RO         2555    i.TIM_ARRPreloadConfig  stm32f10x_tim.o
    0x08001d28   0x00000018   Code   RO         2567    i.TIM_Cmd           stm32f10x_tim.o
    0x08001d40   0x00000098   Code   RO         2596    i.TIM_OC1Init       stm32f10x_tim.o
    0x08001dd8   0x00000012   Code   RO         2599    i.TIM_OC1PreloadConfig  stm32f10x_tim.o
    0x08001dea   0x00000002   PAD
    0x08001dec   0x000000a4   Code   RO         2601    i.TIM_OC2Init       stm32f10x_tim.o
    0x08001e90   0x0000001a   Code   RO         2604    i.TIM_OC2PreloadConfig  stm32f10x_tim.o
    0x08001eaa   0x00000004   Code   RO         2628    i.TIM_SetCompare1   stm32f10x_tim.o
    0x08001eae   0x00000004   Code   RO         2629    i.TIM_SetCompare2   stm32f10x_tim.o
    0x08001eb2   0x00000002   PAD
    0x08001eb4   0x000000a4   Code   RO         2638    i.TIM_TimeBaseInit  stm32f10x_tim.o
    0x08001f58   0x0000007c   Code   RO          310    i.USART1_IRQHandler  usart.o
    0x08001fd4   0x0000001e   Code   RO         3100    i.USART_ClearITPendingBit  stm32f10x_usart.o
    0x08001ff2   0x00000018   Code   RO         3103    i.USART_Cmd         stm32f10x_usart.o
    0x0800200a   0x00000002   PAD
    0x0800200c   0x0000009c   Code   RO         3105    i.USART_DeInit      stm32f10x_usart.o
    0x080020a8   0x00000054   Code   RO         3107    i.USART_GetITStatus  stm32f10x_usart.o
    0x080020fc   0x0000004a   Code   RO         3109    i.USART_ITConfig    stm32f10x_usart.o
    0x08002146   0x00000002   PAD
    0x08002148   0x000000d8   Code   RO         3110    i.USART_Init        stm32f10x_usart.o
    0x08002220   0x0000000a   Code   RO         3117    i.USART_ReceiveData  stm32f10x_usart.o
    0x0800222a   0x00000004   Code   RO          140    i.UsageFault_Handler  stm32f10x_it.o
    0x0800222e   0x00000028   Code   RO         3663    i.__ARM_fpclassify  m_ws.l(fpclassify.o)
    0x08002256   0x0000000e   Code   RO         3546    i._is_digit         c_w.l(__printf_wp.o)
    0x08002264   0x00000044   Code   RO          229    i.delay_init        delay.o
    0x080022a8   0x0000004c   Code   RO          230    i.delay_ms          delay.o
    0x080022f4   0x0000002c   Code   RO         3336    i.gpio_Init         gpio.o
    0x08002320   0x0000002c   Code   RO         3337    i.led13             gpio.o
    0x0800234c   0x0000009c   Code   RO            2    i.main              main.o
    0x080023e8   0x0000001c   Code   RO         3356    i.moter_straight    pwm.o
    0x08002404   0x0000001c   Code   RO         3357    i.moter_tLeft       pwm.o
    0x08002420   0x0000001c   Code   RO         3358    i.moter_tRight      pwm.o
    0x0800243c   0x000000b0   Code   RO          314    i.usart_Init        usart.o
    0x080024ec   0x0000002c   Code   RO         3659    locale$$code        c_w.l(lc_numeric_c.o)
    0x08002518   0x00000062   Code   RO         3562    x$fpl$d2f           fz_ws.l(d2f.o)
    0x0800257a   0x00000002   PAD
    0x0800257c   0x00000154   Code   RO         3578    x$fpl$dmul          fz_ws.l(dmul.o)
    0x080026d0   0x0000009c   Code   RO         3598    x$fpl$dnaninf       fz_ws.l(dnaninf.o)
    0x0800276c   0x0000000c   Code   RO         3600    x$fpl$dretinf       fz_ws.l(dretinf.o)
    0x08002778   0x00000056   Code   RO         3580    x$fpl$f2d           fz_ws.l(f2d.o)
    0x080027ce   0x00000002   PAD
    0x080027d0   0x00000026   Code   RO         3582    x$fpl$ffltu         fz_ws.l(fflt_clz.o)
    0x080027f6   0x0000008c   Code   RO         3602    x$fpl$fnaninf       fz_ws.l(fnaninf.o)
    0x08002882   0x0000000a   Code   RO         3604    x$fpl$fretinf       fz_ws.l(fretinf.o)
    0x0800288c   0x00000004   Code   RO         3588    x$fpl$printf1       fz_ws.l(printf1.o)
    0x08002890   0x00000000   Code   RO         3606    x$fpl$usenofp       fz_ws.l(usenofp.o)
    0x08002890   0x000005f0   Data   RO         3406    .constdata          oled.o
    0x08002e80   0x00000094   Data   RO         3634    .constdata          c_w.l(bigflt0.o)
    0x08002f14   0x00000020   Data   RO         3804    Region$$Table       anon$$obj.o
    0x08002f34   0x0000001c   Data   RO         3658    locale$$data        c_w.l(lc_numeric_c.o)


    Execution Region ER_RW (Base: 0x20000000, Size: 0x0000002c, Max: 0xffffffff, ABSOLUTE)

    Base Addr    Size         Type   Attr      Idx    E Section Name        Object

    0x20000000   0x00000014   Data   RW          199    .data               system_stm32f10x.o
    0x20000014   0x00000004   Data   RW          232    .data               delay.o
    0x20000018   0x00000014   Data   RW         1963    .data               stm32f10x_rcc.o


    Execution Region ER_ZI (Base: 0x2000002c, Size: 0x00000664, Max: 0xffffffff, ABSOLUTE)

    Base Addr    Size         Type   Attr      Idx    E Section Name        Object

    0x2000002c   0x00000060   Zero   RW         3666    .bss                c_w.l(libspace.o)
    0x2000008c   0x00000004   PAD
    0x20000090   0x00000200   Zero   RW          360    HEAP                startup_stm32f10x_hd.o
    0x20000290   0x00000400   Zero   RW          359    STACK               startup_stm32f10x_hd.o


==============================================================================

Image component sizes


      Code (inc. data)   RO Data    RW Data    ZI Data      Debug   Object Name

       192         14          0          0          0       1065   adc.o
       144         22          0          4          0     213460   delay.o
        88          8          0          0          0        868   gpio.o
       156         28          0          0          0     250147   main.o
       172         22          0          0          0       1937   misc.o
       726         22       1520          0          0       6195   oled.o
       296         24          0          0          0       2030   pwm.o
        64         26        304          0       1536        772   startup_stm32f10x_hd.o
       486         24          0          0          0       8246   stm32f10x_adc.o
       296          0          0          0          0       3468   stm32f10x_gpio.o
        26          0          0          0          0       3434   stm32f10x_it.o
       364         50          0         20          0       5887   stm32f10x_rcc.o
       580         72          0          0          0       5706   stm32f10x_tim.o
       594         28          0          0          0       6003   stm32f10x_usart.o
         0          0          0          0          0         32   sys.o
       328         28          0         20          0       1937   system_stm32f10x.o
       300         24          0          0          0       1201   usart.o

    ----------------------------------------------------------------------
      4838        392       1856         44       1536     512388   Object Totals
         0          0         32          0          0          0   (incl. Generated)
        26          0          0          0          0          0   (incl. Padding)

    ----------------------------------------------------------------------

      Code (inc. data)   RO Data    RW Data    ZI Data      Debug   Library Member Name

         8          0          0          0          0         68   __main.o
       284          0          0          0          0        156   __printf_wp.o
         0          0          0          0          0          0   __rtentry.o
        12          0          0          0          0          0   __rtentry2.o
         6          0          0          0          0          0   __rtentry4.o
        52          8          0          0          0          0   __scatter.o
        26          0          0          0          0          0   __scatter_copy.o
        28          0          0          0          0          0   __scatter_zi.o
        48          6          0          0          0         96   _printf_char_common.o
         6          0          0          0          0          0   _printf_f.o
      1050          0          0          0          0        216   _printf_fp_dec.o
       128         16          0          0          0         84   _printf_fp_infnan.o
         0          0          0          0          0          0   _printf_percent.o
         4          0          0          0          0          0   _printf_percent_end.o
        10          0          0          0          0         68   _sputc.o
       220          4        148          0          0         96   bigflt0.o
      1910        128          0          0          0        672   btod.o
        18          0          0          0          0         80   exit.o
         6          0          0          0          0        152   heapauxi.o
         0          0          0          0          0          0   indicate_semi.o
        44         10         28          0          0         76   lc_numeric_c.o
         2          0          0          0          0          0   libinit.o
        18          0          0          0          0          0   libinit2.o
         2          0          0          0          0          0   libshutdown.o
         2          0          0          0          0          0   libshutdown2.o
         8          4          0          0         96         68   libspace.o
       138          0          0          0          0         80   lludiv10.o
        40          6          0          0          0         84   noretval__2sprintf.o
         8          4          0          0          0         68   rt_locale_intlibspace.o
         2          0          0          0          0          0   rtexit.o
        10          0          0          0          0          0   rtexit2.o
       128          0          0          0          0         68   strcmpv7m.o
        12          4          0          0          0         68   sys_exit.o
        74          0          0          0          0         80   sys_stackheap_outer.o
         2          0          0          0          0         68   use_no_semi.o
        98          4          0          0          0         92   d2f.o
       340         12          0          0          0        104   dmul.o
       156          4          0          0          0         92   dnaninf.o
        12          0          0          0          0         68   dretinf.o
        86          4          0          0          0         84   f2d.o
        38          0          0          0          0         68   fflt_clz.o
       140          4          0          0          0         84   fnaninf.o
        10          0          0          0          0         68   fretinf.o
         4          0          0          0          0         68   printf1.o
         0          0          0          0          0          0   usenofp.o
        40          0          0          0          0         68   fpclassify.o

    ----------------------------------------------------------------------
      5242        218        176          0        100       3144   Library Totals
        12          0          0          0          4          0   (incl. Padding)

    ----------------------------------------------------------------------

      Code (inc. data)   RO Data    RW Data    ZI Data      Debug   Library Name

      4306        190        176          0         96       2348   c_w.l
       884         28          0          0          0        728   fz_ws.l
        40          0          0          0          0         68   m_ws.l

    ----------------------------------------------------------------------
      5242        218        176          0        100       3144   Library Totals

    ----------------------------------------------------------------------

==============================================================================


      Code (inc. data)   RO Data    RW Data    ZI Data      Debug   

     10080        610       2032         44       1636     510016   Grand Totals
     10080        610       2032         44       1636     510016   ELF Image Totals
     10080        610       2032         44          0          0   ROM Totals

==============================================================================

    Total RO  Size (Code + RO Data)                12112 (  11.83kB)
    Total RW  Size (RW Data + ZI Data)              1680 (   1.64kB)
    Total ROM Size (Code + RO Data + RW Data)      12156 (  11.87kB)

==============================================================================

